Archive member included to satisfy reference by file (symbol)

/usr/bin/../lib/gcc/arm-none-eabi/7.3.1/thumb/v7-m/libgcc.a(_aeabi_ldivmod.o)
                              rtos.o (__aeabi_ldivmod)
/usr/bin/../lib/gcc/arm-none-eabi/7.3.1/thumb/v7-m/libgcc.a(_aeabi_uldivmod.o)
                              rtos.o (__aeabi_uldivmod)
/usr/bin/../lib/gcc/arm-none-eabi/7.3.1/thumb/v7-m/libgcc.a(_udivmoddi4.o)
                              /usr/bin/../lib/gcc/arm-none-eabi/7.3.1/thumb/v7-m/libgcc.a(_aeabi_ldivmod.o) (__udivmoddi4)
/usr/bin/../lib/gcc/arm-none-eabi/7.3.1/thumb/v7-m/libgcc.a(_dvmd_tls.o)
                              /usr/bin/../lib/gcc/arm-none-eabi/7.3.1/thumb/v7-m/libgcc.a(_aeabi_ldivmod.o) (__aeabi_ldiv0)
/usr/bin/../lib/gcc/arm-none-eabi/7.3.1/../../../../arm-none-eabi/lib/thumb/v7-m/libc.a(lib_a-memcpy.o)
                              main.o (memcpy)
/usr/bin/../lib/gcc/arm-none-eabi/7.3.1/../../../../arm-none-eabi/lib/thumb/v7-m/libc.a(lib_a-memset.o)
                              ir_sender.o (memset)

Allocating common symbols
Common symbol       size              file

__dso_handle        0x4               bmptk_cortex.o

Discarded input sections

 .group         0x0000000000000000        0x8 ir_sender.o
 .group         0x0000000000000000        0x8 ir_sender.o
 .group         0x0000000000000000        0xc ir_sender.o
 .group         0x0000000000000000        0x8 ir_sender.o
 .group         0x0000000000000000        0xc ir_sender.o
 .group         0x0000000000000000        0xc ir_sender.o
 .group         0x0000000000000000        0xc ir_sender.o
 .group         0x0000000000000000        0xc ir_sender.o
 .text          0x0000000000000000        0x0 ir_sender.o
 .data          0x0000000000000000        0x0 ir_sender.o
 .bss           0x0000000000000000        0x0 ir_sender.o
 .text._ZN3due8d2_36kHz5writeEb
                0x0000000000000000       0x18 ir_sender.o
 .text._ZN3due8d2_36kHz5flushEv
                0x0000000000000000        0x2 ir_sender.o
 .text._ZN3due11ad_pin_infoENS_7ad_pinsE
                0x0000000000000000       0x1c ir_sender.o
 .text._ZN3due11ad_seq_infoEm
                0x0000000000000000       0x20 ir_sender.o
 .text._ZN5hwlib19uart_char_availableEv
                0x0000000000000000        0x4 ir_sender.o
 .text._ZN5hwlib9uart_getcEv
                0x0000000000000000        0x4 ir_sender.o
 .rodata._ZZN3due11ad_pin_infoENS_7ad_pinsEE17ad_pin_info_array
                0x0000000000000000        0xc ir_sender.o
 .rodata._ZZN3due11ad_seq_infoEmE12ad_seq_array
                0x0000000000000000       0x70 ir_sender.o
 .group         0x0000000000000000        0xc msg_decoder.o
 .group         0x0000000000000000        0x8 msg_decoder.o
 .group         0x0000000000000000        0xc msg_decoder.o
 .group         0x0000000000000000        0xc msg_decoder.o
 .group         0x0000000000000000        0xc msg_decoder.o
 .text          0x0000000000000000        0x0 msg_decoder.o
 .data          0x0000000000000000        0x0 msg_decoder.o
 .bss           0x0000000000000000        0x0 msg_decoder.o
 .text._ZN5hwlib7ostream6fillerEi
                0x0000000000000000       0x1a msg_decoder.o
 .text._ZN5hwliblsERNS_7ostreamEPKc
                0x0000000000000000       0x54 msg_decoder.o
 .text._ZN6sam3xa10SystemInitEv
                0x0000000000000000       0x7c msg_decoder.o
 .text._ZN3due8pin_infoENS_4pinsE
                0x0000000000000000       0x20 msg_decoder.o
 .text._ZN3due11ad_pin_infoENS_7ad_pinsE
                0x0000000000000000       0x1c msg_decoder.o
 .text._ZN3due11ad_seq_infoEm
                0x0000000000000000       0x20 msg_decoder.o
 .text._ZN3due14port_registersEm
                0x0000000000000000       0x54 msg_decoder.o
 .text._ZN3due12ticks_per_usEv
                0x0000000000000000        0x6 msg_decoder.o
 .text._ZN3due9now_ticksEv
                0x0000000000000000       0x80 msg_decoder.o
 .text._ZN5hwlib9uart_putcEc
                0x0000000000000000        0x4 msg_decoder.o
 .text._ZN5hwlib19uart_char_availableEv
                0x0000000000000000        0x4 msg_decoder.o
 .text._ZN5hwlib9uart_getcEv
                0x0000000000000000        0x4 msg_decoder.o
 .text._ZN3NEC11msg_decoder8is_validEt
                0x0000000000000000        0xe msg_decoder.o
 .bss._ZZN3due9now_ticksEvE4high
                0x0000000000000000        0x8 msg_decoder.o
 .bss._ZZN3due9now_ticksEvE8last_low
                0x0000000000000000        0x4 msg_decoder.o
 .bss._ZZN3due9now_ticksEvE9init_done
                0x0000000000000000        0x1 msg_decoder.o
 .data._ZN6sam3xa15SystemCoreClockE
                0x0000000000000000        0x4 msg_decoder.o
 .rodata._ZN3due8pin_infoENS_4pinsE.str1.1
                0x0000000000000000       0x43 msg_decoder.o
 .rodata._ZZN3due11ad_pin_infoENS_7ad_pinsEE17ad_pin_info_array
                0x0000000000000000        0xc msg_decoder.o
 .rodata._ZZN3due11ad_seq_infoEmE12ad_seq_array
[...]
Memory Configuration

Name             Origin             Length             Attributes
rom              0x0000000000000000 0x0000000000080000 xr
ram              0x0000000020000000 0x0000000000018000 xrw
nul              0x0000000020018000 0x0000000000000000 xrw
*default*        0x0000000000000000 0xffffffffffffffff

Linker script and memory map

LOAD /usr/bin/../lib/gcc/arm-none-eabi/7.3.1/thumb/v7-m/libgcc.a
LOAD ir_sender.o
LOAD msg_decoder.o
LOAD pause_detector.o
LOAD switch_to.o
LOAD coroutine.o
LOAD rtos.o
LOAD hwlib.o
LOAD main.o
LOAD bmptk_cortex.o
LOAD bmptk_heap_bmptk.o
LOAD bmptk_fixed_size_stack.o
LOAD /usr/bin/../lib/gcc/arm-none-eabi/7.3.1/../../../../arm-none-eabi/lib/thumb/v7-m/libm.a
LOAD /usr/bin/../lib/gcc/arm-none-eabi/7.3.1/thumb/v7-m/libgcc.a
LOAD /usr/bin/../lib/gcc/arm-none-eabi/7.3.1/../../../../arm-none-eabi/lib/thumb/v7-m/libc.a
                0x0000000000000000                __rom_start = ORIGIN (rom)
                0x0000000000080000                __rom_size = LENGTH (rom)
                0x0000000000080000                __rom_end = (__rom_start + __rom_size)
                0x0000000020000000                __ram_start = ORIGIN (ram)
                0x0000000000018000                __ram_size = LENGTH (ram)
                0x0000000020018000                __ram_end = (__ram_start + __ram_size)
                [!provide]                        PROVIDE (__rom_start = __rom_start)
                [!provide]                        PROVIDE (__rom_size = __rom_size)
                [!provide]                        PROVIDE (__rom_end = __rom_end)
                [!provide]                        PROVIDE (__ram_start = __ram_start)
                [!provide]                        PROVIDE (__ram_size = __ram_size)
                [!provide]                        PROVIDE (__ram_end = __ram_end)

.text           0x0000000000000000     0x3894
                0x0000000000000000                . = ALIGN (0x4)
                0x0000000000000000                __text_start = .
                [!provide]                        PROVIDE (__text_start = __text_start)
                0x0000000000000000                . = ALIGN (0x4)
 *(.vectors)
 .vectors       0x0000000000000000       0x20 bmptk_cortex.o
                0x0000000000000000                __vectors
                0x0000000000000020                . = ALIGN (0x4)
 *(.text .text.* .gnu.linkonce.t.*)
 .text._ZN4rtos7channelItLi1EE5clearEv
                0x0000000000000020       0x12 ir_sender.o
                0x0000000000000020                rtos::channel<unsigned short, 1>::clear()
 .text._ZN5hwlib7ostreamlsEc
                0x0000000000000032        0xe ir_sender.o
                0x0000000000000032                hwlib::ostream::operator<<(char)
 .text._ZN5hwliblsERNS_7ostreamEPKc
                0x0000000000000040       0x66 ir_sender.o
                0x0000000000000040                hwlib::operator<<(hwlib::ostream&, char const*)
 .text._ZN5hwliblsERNS_7ostreamEi
                0x00000000000000a6       0xce ir_sender.o
                0x00000000000000a6                hwlib::operator<<(hwlib::ostream&, int)
 .text._ZN6sam3xa10SystemInitEv
                0x0000000000000174       0x7c ir_sender.o
                0x0000000000000174                sam3xa::SystemInit()
 .text._ZN3due8pin_infoENS_4pinsE
                0x00000000000001f0       0x20 ir_sender.o
                0x00000000000001f0                due::pin_info(due::pins)
 .text._ZN3due14port_registersEm
                0x0000000000000210       0x54 ir_sender.o
                0x0000000000000210                due::port_registers(unsigned long)
 .text._ZN3due12ticks_per_usEv
                0x0000000000000264        0x6 ir_sender.o
                0x0000000000000264                due::ticks_per_us()
 *fill*         0x000000000000026a        0x2 
 .text._ZN3due9now_ticksEv
                0x000000000000026c       0x80 ir_sender.o
                0x000000000000026c                due::now_ticks()
 .text._ZN5hwlib9uart_putcEc
                0x00000000000002ec        0x4 ir_sender.o
                0x00000000000002ec                hwlib::uart_putc(char)
 .text._ZN9ir_senderC2Ev
                0x00000000000002f0       0x88 ir_sender.o
                0x00000000000002f0                ir_sender::ir_sender()
                0x00000000000002f0                ir_sender::ir_sender()
 .text._ZN9ir_sender8bitPrintEt
                0x0000000000000378       0x38 ir_sender.o
                0x0000000000000378                ir_sender::bitPrint(unsigned short)
 .text._ZN9ir_sender16write_to_channelEii
                0x00000000000003b0       0x50 ir_sender.o
                0x00000000000003b0                ir_sender::write_to_channel(int, int)
 .text._ZN9ir_sender15encode_to_arrayEPit
                0x0000000000000400       0x1a ir_sender.o
                0x0000000000000400                ir_sender::encode_to_array(int*, unsigned short)
 *fill*         0x000000000000041a        0x2 
 .text.startup._ZN9ir_sender4mainEv
                0x000000000000041c      0x168 ir_sender.o
                0x000000000000041c                ir_sender::main()
 .text._ZN3NEC11msg_decoder14pause_detectedERKi
                0x0000000000000584       0x4c msg_decoder.o
                0x0000000000000584                NEC::msg_decoder::pause_detected(int const&)
                0x00000000000005c6                non-virtual thunk to NEC::msg_decoder::pause_detected(int const&)
 .text._ZN3NEC11msg_decoder12send_messageEt
                0x00000000000005d0       0x44 msg_decoder.o
                0x00000000000005d0                NEC::msg_decoder::send_message(unsigned short)
 .text._ZN4rtos7channelIiLi16EE4readEv
                0x0000000000000614       0x70 msg_decoder.o
                0x0000000000000614                rtos::channel<int, 16>::read()
 .text.startup._ZN3NEC11msg_decoder4mainEv
                0x0000000000000684       0x94 msg_decoder.o
                0x0000000000000684                NEC::msg_decoder::main()
 .text.startup._ZN3NEC14pause_detector4mainEv
                0x0000000000000718       0xb0 pause_detector.o
                0x0000000000000718                NEC::pause_detector::main()
 .text          0x00000000000007c8       0x24 switch_to.o
                0x00000000000007c8                switch_from_to
 .text._ZN4rtos8callback6cancelEv
                0x00000000000007ec        0xa rtos.o
                0x00000000000007ec                rtos::callback::cancel()
 .text._ZN5hwlib7ostream7reverse10add_prefixERKS0_.part.2
                0x00000000000007f6       0x4c rtos.o
 .text._ZN5hwliblsERNS_7ostreamEx
                0x0000000000000842       0xc4 rtos.o
                0x0000000000000842                hwlib::operator<<(hwlib::ostream&, long long)
 .text._ZN5hwliblsERNS_7ostreamEj
                0x0000000000000906        0xc rtos.o
                0x0000000000000906                hwlib::operator<<(hwlib::ostream&, unsigned int)
 .text._Z6strlenPKc
                0x0000000000000912       0x10 rtos.o
                0x0000000000000912                strlen(char const*)
 .text._Z6strcpyPcPKc
                0x0000000000000922       0x14 rtos.o
                0x0000000000000922                strcpy(char*, char const*)
 .text._Z15string_allocatePKc
                0x0000000000000936       0x26 rtos.o
                0x0000000000000936                string_allocate(char const*)
 .text._Z12nr_from_maskj
                0x000000000000095c       0x1a rtos.o
                0x000000000000095c                nr_from_mask(unsigned int)
 *fill*         0x0000000000000976        0x2 
 .text._Z15task_trampolinev
                0x0000000000000978       0x34 rtos.o
                0x0000000000000978                task_trampoline()
 .text._ZN4rtos9task_base7releaseEv
                0x00000000000009ac       0x24 rtos.o
                0x00000000000009ac                rtos::task_base::release()
 .text._ZN4rtos9task_base7suspendEv
                0x00000000000009d0        0x8 rtos.o
                0x00000000000009d0                rtos::task_base::suspend()
 .text._ZN4rtos9task_base6resumeEv
                0x00000000000009d8        0x8 rtos.o
                0x00000000000009d8                rtos::task_base::resume()
 .text._ZN4rtos9task_base7unblockEv
                0x00000000000009e0       0x14 rtos.o
                0x00000000000009e0                rtos::task_base::unblock()
 .text._ZN4rtos9task_base5blockEv
                0x00000000000009f4       0x70 rtos.o
                0x00000000000009f4                rtos::task_base::block()
 .text._ZNK4rtos9task_base5printERN5hwlib7ostreamEb
                0x0000000000000a64      0x154 rtos.o
                0x0000000000000a64                rtos::task_base::print(hwlib::ostream&, bool) const
 .text._ZNK4rtos5eventeqERKS0_
                0x0000000000000bb8       0x3c rtos.o
                0x0000000000000bb8                rtos::event::operator==(rtos::event const&) const
 .text._ZNK4rtos5eventeqERKNS_8waitableE
                0x0000000000000bf4       0x1c rtos.o
                0x0000000000000bf4                rtos::event::operator==(rtos::waitable const&) const
 .text._ZNK4rtos5eventplERKS0_
                0x0000000000000c10       0x3c rtos.o
                0x0000000000000c10                rtos::event::operator+(rtos::event const&) const
 .text._ZNK4rtos4flag5printERN5hwlib7ostreamEb
                0x0000000000000c4c       0xcc rtos.o
                0x0000000000000c4c                rtos::flag::print(hwlib::ostream&, bool) const
 .text._ZNK4rtos5timer5printERN5hwlib7ostreamEb
                0x0000000000000d18       0xd0 rtos.o
                0x0000000000000d18                rtos::timer::print(hwlib::ostream&, bool) const
 .text._ZNK4rtos5clock5printERN5hwlib7ostreamEb
                0x0000000000000de8       0xd4 rtos.o
                0x0000000000000de8                rtos::clock::print(hwlib::ostream&, bool) const
 .text._ZN4rtos12waitable_set17waitable_allocateEv
                0x0000000000000ebc       0x38 rtos.o
                0x0000000000000ebc                rtos::waitable_set::waitable_allocate()
 .text._ZN4rtos8waitableC2EPNS_9task_baseEPKc
                0x0000000000000ef4       0x2c rtos.o
                0x0000000000000ef4                rtos::waitable::waitable(rtos::task_base*, char const*)
                0x0000000000000ef4                rtos::waitable::waitable(rtos::task_base*, char const*)
 .text._ZN4rtos12waitable_set3setERKNS_8waitableE
                0x0000000000000f20       0x14 rtos.o
                0x0000000000000f20                rtos::waitable_set::set(rtos::waitable const&)
 .text._ZN4rtos5clock7time_upEv
                0x0000000000000f34       0x38 rtos.o
                0x0000000000000f34                rtos::clock::time_up()
 .text._ZThn16_N4rtos5clock7time_upEv
                0x0000000000000f6c        0x8 rtos.o
                0x0000000000000f6c                non-virtual thunk to rtos::clock::time_up()
 .text._ZN4rtos5timer7time_upEv
                0x0000000000000f74       0x10 rtos.o
                0x0000000000000f74                rtos::timer::time_up()
                0x0000000000000f7e                non-virtual thunk to rtos::timer::time_up()
 .text._ZN4rtos4flag3setEv
                0x0000000000000f84       0x10 rtos.o
                0x0000000000000f84                rtos::flag::set()
 .text._ZN4rtos12waitable_set5clearERKNS_8waitableE
                0x0000000000000f94        0xc rtos.o
                0x0000000000000f94                rtos::waitable_set::clear(rtos::waitable const&)
 .text._ZN4rtos8waitable5clearEv
                0x0000000000000fa0        0xa rtos.o
                0x0000000000000fa0                rtos::waitable::clear()
 .text._ZN4rtos5timer6cancelEv
                0x0000000000000faa       0x16 rtos.o
                0x0000000000000faa                rtos::timer::cancel()
 .text._ZThn16_N4rtos5timer6cancelEv
                0x0000000000000fc0        0x8 rtos.o
                0x0000000000000fc0                non-virtual thunk to rtos::timer::cancel()
 .text._ZN4rtos5clock5clearEv
                0x0000000000000fc8        0x8 rtos.o
                0x0000000000000fc8                rtos::clock::clear()
 .text._ZN4rtos12waitable_set4waitEj
                0x0000000000000fd0       0x64 rtos.o
                0x0000000000000fd0                rtos::waitable_set::wait(unsigned int)
 .text._ZNK4rtos5mutex5printERN5hwlib7ostreamEb
                0x0000000000001034       0xec rtos.o
                0x0000000000001034                rtos::mutex::print(hwlib::ostream&, bool) const
 .text._ZNK4rtos12channel_base5printERN5hwlib7ostreamEb
                0x0000000000001120       0xe0 rtos.o
                0x0000000000001120                rtos::channel_base::print(hwlib::ostream&, bool) const
 .text._ZNK4rtos9pool_base5printERN5hwlib7ostreamEb
                0x0000000000001200       0x78 rtos.o
                0x0000000000001200                rtos::pool_base::print(hwlib::ostream&, bool) const
 .text._ZNK4rtos12mailbox_base5printERN5hwlib7ostreamEb
                0x0000000000001278       0xc4 rtos.o
                0x0000000000001278                rtos::mailbox_base::print(hwlib::ostream&, bool) const
 .text._ZN4rtos3addEPNS_4flagE
                0x000000000000133c       0x10 rtos.o
                0x000000000000133c                rtos::add(rtos::flag*)
 .text._ZN4rtos4flagC2EPNS_9task_baseEPKc
                0x000000000000134c       0x20 rtos.o
                0x000000000000134c                rtos::flag::flag(rtos::task_base*, char const*)
                0x000000000000134c                rtos::flag::flag(rtos::task_base*, char const*)
 .text._ZN4rtos3addEPNS_5timerE
                0x000000000000136c       0x10 rtos.o
                0x000000000000136c                rtos::add(rtos::timer*)
 .text._ZN4rtos3addEPNS_5clockE
                0x000000000000137c       0x10 rtos.o
                0x000000000000137c                rtos::add(rtos::clock*)
 .text._ZN4rtos3addEPNS_12channel_baseE
                0x000000000000138c       0x10 rtos.o
                0x000000000000138c                rtos::add(rtos::channel_base*)
 .text._ZN4rtos12channel_baseC2EPNS_9task_baseEPKc
                0x000000000000139c       0x30 rtos.o
                0x000000000000139c                rtos::channel_base::channel_base(rtos::task_base*, char const*)
                0x000000000000139c                rtos::channel_base::channel_base(rtos::task_base*, char const*)
 .text._ZN4rtos5printERN5hwlib7ostreamE
                0x00000000000013cc      0x1b4 rtos.o
                0x00000000000013cc                rtos::print(hwlib::ostream&)
 .text._ZN4rtos4beatEv
                0x0000000000001580      0x148 rtos.o
                0x0000000000001580                rtos::beat()
 .text._ZN4rtos3runEv
                0x00000000000016c8       0x20 rtos.o
                0x00000000000016c8                rtos::run()
 .text._ZN4rtos3addEPNS_8callbackE
                0x00000000000016e8       0x10 rtos.o
                0x00000000000016e8                rtos::add(rtos::callback*)
 .text._ZN4rtos8callbackC2EPKc
                0x00000000000016f8       0x28 rtos.o
                0x00000000000016f8                rtos::callback::callback(char const*)
                0x00000000000016f8                rtos::callback::callback(char const*)
 .text._ZN4rtos5timerC2EPNS_9task_baseEPKc
                0x0000000000001720       0x34 rtos.o
                0x0000000000001720                rtos::timer::timer(rtos::task_base*, char const*)
                0x0000000000001720                rtos::timer::timer(rtos::task_base*, char const*)
 .text._ZN4rtos5clockC2EPNS_9task_baseEmPKc
                0x0000000000001754       0x3c rtos.o
                0x0000000000001754                rtos::clock::clock(rtos::task_base*, unsigned long, char const*)
                0x0000000000001754                rtos::clock::clock(rtos::task_base*, unsigned long, char const*)
 .text._ZN4rtos3addEPNS_9task_baseE
                0x0000000000001790       0x74 rtos.o
                0x0000000000001790                rtos::add(rtos::task_base*)
 .text._ZN4rtos9task_baseC2ER9coroutineILl0EEjPKc
                0x0000000000001804       0x4c rtos.o
                0x0000000000001804                rtos::task_base::task_base(coroutine<0l>&, unsigned int, char const*)
                0x0000000000001804                rtos::task_base::task_base(coroutine<0l>&, unsigned int, char const*)
 .text._ZN5hwlib7wait_usEi
                0x0000000000001850       0x3c rtos.o
                0x0000000000001850                hwlib::wait_us(int)
 .text._ZN5hwlib7wait_msEi
                0x000000000000188c       0x16 rtos.o
                0x000000000000188c                hwlib::wait_ms(int)
 .text._ZN5hwlib14pin_in_dummy_t4readEv
                0x00000000000018a2        0x4 hwlib.o
                0x00000000000018a2                hwlib::pin_in_dummy_t::read()
 .text._ZN5hwlib14pin_in_dummy_t7refreshEv
                0x00000000000018a6        0x2 hwlib.o
                0x00000000000018a6                hwlib::pin_in_dummy_t::refresh()
 .text._ZN5hwlib14pin_oc_dummy_t5writeEb
                0x00000000000018a8        0x2 hwlib.o
                0x00000000000018a8                hwlib::pin_oc_dummy_t::write(bool)
 .text._ZN5hwlib14pin_oc_dummy_t4readEv
                0x00000000000018aa        0x4 hwlib.o
                0x00000000000018aa                hwlib::pin_oc_dummy_t::read()
 .text._ZN5hwlib14pin_oc_dummy_t5flushEv
                0x00000000000018ae        0x2 hwlib.o
                0x00000000000018ae                hwlib::pin_oc_dummy_t::flush()
 .text._ZN5hwlib14pin_oc_dummy_t7refreshEv
                0x00000000000018b0        0x2 hwlib.o
                0x00000000000018b0                hwlib::pin_oc_dummy_t::refresh()
 .text._ZN5hwlib19port_in_from_pins_t14number_of_pinsEv
                0x00000000000018b2        0x4 hwlib.o
                0x00000000000018b2                hwlib::port_in_from_pins_t::number_of_pins()
 .text._ZN5hwlib19port_in_from_pins_t4readEv
                0x00000000000018b6       0x2a hwlib.o
                0x00000000000018b6                hwlib::port_in_from_pins_t::read()
 .text._ZN5hwlib19port_in_from_pins_t7refreshEv
                0x00000000000018e0       0x20 hwlib.o
                0x00000000000018e0                hwlib::port_in_from_pins_t::refresh()
 .text._ZN5hwlib19port_oc_from_pins_t14number_of_pinsEv
                0x0000000000001900        0x4 hwlib.o
                0x0000000000001900                hwlib::port_oc_from_pins_t::number_of_pins()
 .text._ZN5hwlib19port_oc_from_pins_t4readEv
                0x0000000000001904       0x2a hwlib.o
                0x0000000000001904                hwlib::port_oc_from_pins_t::read()
 .text._ZN5hwlib19port_oc_from_pins_t5writeEj
                0x000000000000192e       0x28 hwlib.o
                0x000000000000192e                hwlib::port_oc_from_pins_t::write(unsigned int)
 .text._ZN5hwlib19port_oc_from_pins_t7refreshEv
                0x0000000000001956       0x20 hwlib.o
                0x0000000000001956                hwlib::port_oc_from_pins_t::refresh()
 .text._ZN5hwlib19port_oc_from_pins_t5flushEv
                0x0000000000001976       0x20 hwlib.o
                0x0000000000001976                hwlib::port_oc_from_pins_t::flush()
 .text._ZN5hwlib21port_direct_from_in_t14number_of_pinsEv
                0x0000000000001996        0x8 hwlib.o
                0x0000000000001996                hwlib::port_direct_from_in_t::number_of_pins()
 .text._ZN5hwlib21port_direct_from_in_t4readEv
                0x000000000000199e       0x18 hwlib.o
                0x000000000000199e                hwlib::port_direct_from_in_t::read()
 .text._ZN5hwlib21port_direct_from_in_t7refreshEv
                0x00000000000019b6        0x2 hwlib.o
                0x00000000000019b6                hwlib::port_direct_from_in_t::refresh()
 .text._ZN5hwlib21port_direct_from_oc_t14number_of_pinsEv
                0x00000000000019b8        0x8 hwlib.o
                0x00000000000019b8                hwlib::port_direct_from_oc_t::number_of_pins()
 .text._ZN5hwlib21port_direct_from_oc_t5writeEj
                0x00000000000019c0       0x18 hwlib.o
                0x00000000000019c0                hwlib::port_direct_from_oc_t::write(unsigned int)
 .text._ZN5hwlib21port_direct_from_oc_t4readEv
                0x00000000000019d8       0x18 hwlib.o
                0x00000000000019d8                hwlib::port_direct_from_oc_t::read()
 .text._ZN5hwlib21port_direct_from_oc_t5flushEv
                0x00000000000019f0        0x2 hwlib.o
                0x00000000000019f0                hwlib::port_direct_from_oc_t::flush()
 .text._ZN5hwlib21port_direct_from_oc_t7refreshEv
                0x00000000000019f2        0x2 hwlib.o
                0x00000000000019f2                hwlib::port_direct_from_oc_t::refresh()
 .text._ZN5hwlib7istream11getc_nowaitEv
                0x00000000000019f4       0x1a hwlib.o
                0x00000000000019f4                hwlib::istream::getc_nowait()
 .text._ZN5hwlib20cout_using_uart_putc5flushEv
                0x0000000000001a0e        0x2 hwlib.o
                0x0000000000001a0e                hwlib::cout_using_uart_putc::flush()
 .text._ZN5hwlib5panicEPKcj
                0x0000000000001a10        0x2 hwlib.o
                0x0000000000001a10                hwlib::panic(char const*, unsigned int)
 *fill*         0x0000000000001a12        0x2 
 .text._ZN5hwlib10background18do_background_workEv
                0x0000000000001a14       0x3c hwlib.o
                0x0000000000001a14                hwlib::background::do_background_work()
 .text._ZN5hwlib3allENS_2xyE
                0x0000000000001a50       0x16 hwlib.o
                0x0000000000001a50                hwlib::all(hwlib::xy)
 *fill*         0x0000000000001a66        0x2 
 .text._ZN5hwlib12port_in_fromERNS_6pin_inES1_S1_S1_S1_S1_S1_S1_S1_S1_S1_S1_S1_S1_S1_S1_
                0x0000000000001a68       0x68 hwlib.o
                0x0000000000001a68                hwlib::port_in_from(hwlib::pin_in&, hwlib::pin_in&, hwlib::pin_in&, hwlib::pin_in&, hwlib::pin_in&, hwlib::pin_in&, hwlib::pin_in&, hwlib::pin_in&, hwlib::pin_in&, hwlib::pin_in&, hwlib::pin_in&, hwlib::pin_in&, hwlib::pin_in&, hwlib::pin_in&, hwlib::pin_in&, hwlib::pin_in&)
 .text._ZN5hwlib12port_oc_fromERNS_6pin_ocES1_S1_S1_S1_S1_S1_S1_S1_S1_S1_S1_S1_S1_S1_S1_
                0x0000000000001ad0       0x68 hwlib.o
                0x0000000000001ad0                hwlib::port_oc_from(hwlib::pin_oc&, hwlib::pin_oc&, hwlib::pin_oc&, hwlib::pin_oc&, hwlib::pin_oc&, hwlib::pin_oc&, hwlib::pin_oc&, hwlib::pin_oc&, hwlib::pin_oc&, hwlib::pin_oc&, hwlib::pin_oc&, hwlib::pin_oc&, hwlib::pin_oc&, hwlib::pin_oc&, hwlib::pin_oc&, hwlib::pin_oc&)
 .text._ZN3due9uart_initEv
                0x0000000000001b38       0x60 hwlib.o
                0x0000000000001b38                due::uart_init()
 .text._ZN3due9uart_putcEc
                0x0000000000001b98       0x20 hwlib.o
                0x0000000000001b98                due::uart_putc(char)
 .text._ZN5hwlib20cout_using_uart_putc4putcEc
                0x0000000000001bb8        0xa hwlib.o
                0x0000000000001bb8                hwlib::cout_using_uart_putc::putc(char)
 .text._ZN5hwlib6now_usEv
                0x0000000000001bc2       0x1c hwlib.o
                0x0000000000001bc2                hwlib::now_us()
 .text._ZN5hwlib12wait_us_busyEi
                0x0000000000001bde       0x1c hwlib.o
                0x0000000000001bde                hwlib::wait_us_busy(int)
 .text._ZN3due6pin_in4readEv
                0x0000000000001bfa       0x10 main.o
                0x0000000000001bfa                due::pin_in::read()
 .text._ZN3due6pin_in7refreshEv
                0x0000000000001c0a        0x2 main.o
                0x0000000000001c0a                due::pin_in::refresh()
 .text._ZN3due7pin_out5writeEb
                0x0000000000001c0c        0xe main.o
                0x0000000000001c0c                due::pin_out::write(bool)
 .text._ZN3due7pin_out5flushEv
                0x0000000000001c1a        0x2 main.o
                0x0000000000001c1a                due::pin_out::flush()
 .text._ZN3due6pin_oc4readEv
                0x0000000000001c1c       0x10 main.o
                0x0000000000001c1c                due::pin_oc::read()
 .text._ZN3due6pin_oc5writeEb
                0x0000000000001c2c       0x10 main.o
                0x0000000000001c2c                due::pin_oc::write(bool)
 .text._ZN3due6pin_oc5flushEv
                0x0000000000001c3c        0x2 main.o
                0x0000000000001c3c                due::pin_oc::flush()
 .text._ZN3due6pin_oc7refreshEv
                0x0000000000001c3e        0x2 main.o
                0x0000000000001c3e                due::pin_oc::refresh()
 .text._ZN5hwlib6keypadILi16EE4getcEv
                0x0000000000001c40       0x24 main.o
                0x0000000000001c40                hwlib::keypad<16>::getc()
 .text._ZN4rtos7channelIcLi13EE5clearEv
                0x0000000000001c64       0x10 main.o
                0x0000000000001c64                rtos::channel<char, 13>::clear()
 .text._ZN4rtos7channelIiLi13EE5clearEv
                0x0000000000001c74       0x10 main.o
                0x0000000000001c74                rtos::channel<int, 13>::clear()
 .text._ZN4rtos7channelItLi16EE5clearEv
                0x0000000000001c84       0x10 main.o
                0x0000000000001c84                rtos::channel<unsigned short, 16>::clear()
 .text._ZN4rtos7channelIiLi16EE5clearEv
                0x0000000000001c94       0x10 main.o
                0x0000000000001c94                rtos::channel<int, 16>::clear()
 .text._ZN4rtos7channelIcLi13EE4readEv.part.12
                0x0000000000001ca4       0x28 main.o
 .text._ZN3due6pin_inC2ENS_4pinsE
                0x0000000000001ccc       0x34 main.o
                0x0000000000001ccc                due::pin_in::pin_in(due::pins)
                0x0000000000001ccc                due::pin_in::pin_in(due::pins)
 .text._ZN3due7pin_outC2ENS_4pinsE
                0x0000000000001d00       0x34 main.o
                0x0000000000001d00                due::pin_out::pin_out(due::pins)
                0x0000000000001d00                due::pin_out::pin_out(due::pins)
 .text._ZN3due6pin_ocC2ENS_4pinsE
                0x0000000000001d34       0x34 main.o
                0x0000000000001d34                due::pin_oc::pin_oc(due::pins)
                0x0000000000001d34                due::pin_oc::pin_oc(due::pins)
 .text._ZN4rtos8waitable3setEv
                0x0000000000001d68        0xa main.o
                0x0000000000001d68                rtos::waitable::set()
 *fill*         0x0000000000001d72        0x2 
 .text._ZN4rtos8callbackD2Ev
                0x0000000000001d74       0x30 main.o
                0x0000000000001d74                rtos::callback::~callback()
                0x0000000000001d74                rtos::callback::~callback()
 .text._ZN3NEC9init_gameC2ERKS0_
                0x0000000000001da4      0x14c main.o
                0x0000000000001da4                NEC::init_game::init_game(NEC::init_game const&)
                0x0000000000001da4                NEC::init_game::init_game(NEC::init_game const&)
 .text._ZN4rtos7channelIcLi13EE4readEv
                0x0000000000001ef0       0x48 main.o
                0x0000000000001ef0                rtos::channel<char, 13>::read()
 .text.startup._ZN3NEC9init_game4mainEv
                0x0000000000001f38      0x138 main.o
                0x0000000000001f38                NEC::init_game::main()
 .text._ZN4rtos4taskILi4096EEC2EPKc
                0x0000000000002070       0x58 main.o
                0x0000000000002070                rtos::task<4096>::task(char const*)
                0x0000000000002070                rtos::task<4096>::task(char const*)
 .text.startup.main
                0x00000000000020c8      0x420 main.o
                0x00000000000020c8                main
 .text._ZN4rtos7channelIcLi13EE5writeEc
                0x00000000000024e8       0x32 main.o
                0x00000000000024e8                rtos::channel<char, 13>::write(char)
 .text._ZN3NEC9init_game12key_detectedERKc
                0x000000000000251a       0x1a main.o
                0x000000000000251a                NEC::init_game::key_detected(char const&)
                0x000000000000252a                non-virtual thunk to NEC::init_game::key_detected(char const&)
 .text._ZN3NEC8run_game12key_detectedERKc
                0x0000000000002534       0x1a main.o
                0x0000000000002534                NEC::run_game::key_detected(char const&)
                0x0000000000002544                non-virtual thunk to NEC::run_game::key_detected(char const&)
 .text._ZN3NEC13reg_game_para12key_detectedERKc
                0x000000000000254e       0x1a main.o
                0x000000000000254e                NEC::reg_game_para::key_detected(char const&)
                0x000000000000255e                non-virtual thunk to NEC::reg_game_para::key_detected(char const&)
 .text._ZN5hwlib6keypadILi16EE7pressedEv
                0x0000000000002568       0x70 main.o
                0x0000000000002568                hwlib::keypad<16>::pressed()
 .text._ZN5hwlib6keypadILi16EE14char_availableEv
                0x00000000000025d8       0x4a main.o
                0x00000000000025d8                hwlib::keypad<16>::char_available()
 .text.startup._ZN3NEC6ZRX5434mainEv
                0x0000000000002622       0x5e main.o
                0x0000000000002622                NEC::ZRX543::main()
 .text._ZN4rtos7channelIiLi13EE4readEv
                0x0000000000002680       0x48 main.o
                0x0000000000002680                rtos::channel<int, 13>::read()
 .text.startup._ZN3NEC8run_game4mainEv
                0x00000000000026c8      0x184 main.o
                0x00000000000026c8                NEC::run_game::main()
 .text._ZN4rtos7channelIiLi13EE5writeEi
                0x000000000000284c       0x32 main.o
                0x000000000000284c                rtos::channel<int, 13>::write(int)
 *fill*         0x000000000000287e        0x2 
 .text.startup._ZN3NEC13reg_game_para4mainEv
                0x0000000000002880      0x1b8 main.o
                0x0000000000002880                NEC::reg_game_para::main()
 .text._ZN4rtos7channelItLi16EE5writeEt
                0x0000000000002a38       0x32 main.o
                0x0000000000002a38                rtos::channel<unsigned short, 16>::write(unsigned short)
 .text._ZN3NEC8run_game12msg_receivedERKt
                0x0000000000002a6a       0x1a main.o
                0x0000000000002a6a                NEC::run_game::msg_received(unsigned short const&)
                0x0000000000002a7a                non-virtual thunk to NEC::run_game::msg_received(unsigned short const&)
 .text._ZN3NEC13reg_game_para12msg_receivedERKt
                0x0000000000002a84       0x1a main.o
                0x0000000000002a84                NEC::reg_game_para::msg_received(unsigned short const&)
                0x0000000000002a94                non-virtual thunk to NEC::reg_game_para::msg_received(unsigned short const&)
 *fill*         0x0000000000002a9e        0x2 
 .text.__startup
                0x0000000000002aa0       0x48 bmptk_cortex.o
                0x0000000000002aa0                __startup
 .text.__cxa_pure_virtual
                0x0000000000002ae8        0x2 bmptk_cortex.o
                0x0000000000002ae8                __cxa_pure_virtual
 *fill*         0x0000000000002aea        0x2 
 .text.malloc   0x0000000000002aec       0x24 bmptk_heap_bmptk.o
                0x0000000000002aec                malloc
 .text          0x0000000000002b10       0xa0 /usr/bin/../lib/gcc/arm-none-eabi/7.3.1/thumb/v7-m/libgcc.a(_aeabi_ldivmod.o)
                0x0000000000002b10                __aeabi_ldivmod
 .text          0x0000000000002bb0       0x30 /usr/bin/../lib/gcc/arm-none-eabi/7.3.1/thumb/v7-m/libgcc.a(_aeabi_uldivmod.o)
                0x0000000000002bb0                __aeabi_uldivmod
 .text          0x0000000000002be0      0x2d0 /usr/bin/../lib/gcc/arm-none-eabi/7.3.1/thumb/v7-m/libgcc.a(_udivmoddi4.o)
                0x0000000000002be0                __udivmoddi4
 .text          0x0000000000002eb0        0x4 /usr/bin/../lib/gcc/arm-none-eabi/7.3.1/thumb/v7-m/libgcc.a(_dvmd_tls.o)
                0x0000000000002eb0                __aeabi_ldiv0
 .text          0x0000000000002eb4       0xec /usr/bin/../lib/gcc/arm-none-eabi/7.3.1/../../../../arm-none-eabi/lib/thumb/v7-m/libc.a(lib_a-memcpy.o)
                0x0000000000002eb4                memcpy
 .text.memset   0x0000000000002fa0       0x94 /usr/bin/../lib/gcc/arm-none-eabi/7.3.1/../../../../arm-none-eabi/lib/thumb/v7-m/libc.a(lib_a-memset.o)
                0x0000000000002fa0                memset
                0x0000000000003034                . = ALIGN (0x4)
 *(.glue_7t .glue_7)
 .glue_7        0x0000000000003034        0x0 linker stubs
 .glue_7t       0x0000000000003034        0x0 linker stubs
                0x0000000000003034                . = ALIGN (0x4)
 *(.rodata .rodata.* .gnu.linkonce.r.*)
 .rodata._ZTVN4rtos7channelItLi1EEE
                0x0000000000003034        0xc ir_sender.o
                0x0000000000003034                vtable for rtos::channel<unsigned short, 1>
 .rodata._ZN3due8pin_infoENS_4pinsE.str1.1
                0x0000000000003040       0x43 ir_sender.o
 .rodata._ZN9ir_sender4mainEv.str1.1
                0x0000000000003083       0x32 ir_sender.o
                                         0x34 (size before relaxing)
 .rodata._ZN9ir_senderC2Ev.str1.1
                0x00000000000030b5       0x1b ir_sender.o
 .rodata._ZTV9ir_sender
                0x00000000000030d0       0x14 ir_sender.o
                0x00000000000030d0                vtable for ir_sender
 .rodata._ZZN3due8pin_infoENS_4pinsEE14pin_info_array
                0x00000000000030e4       0xa4 ir_sender.o
 .rodata._ZN4rtos7channelIiLi16EE4readEv.str1.1
                0x0000000000003188       0x34 msg_decoder.o
 .rodata._ZTVN3NEC11msg_decoderE
                0x0000000000003188       0x24 msg_decoder.o
                0x0000000000003188                vtable for NEC::msg_decoder
 .rodata._ZTVN3NEC14pause_detectorE
                0x00000000000031ac       0x14 pause_detector.o
                0x00000000000031ac                vtable for NEC::pause_detector
 .rodata._ZTVN4rtos8waitableE
                0x00000000000031c0        0xc rtos.o
                0x00000000000031c0                vtable for rtos::waitable
 .rodata._ZTVN4rtos4flagE
                0x00000000000031cc        0xc rtos.o
                0x00000000000031cc                vtable for rtos::flag
 .rodata._ZTVN4rtos8callbackE
                0x00000000000031d8       0x10 rtos.o
                0x00000000000031d8                vtable for rtos::callback
 .rodata._ZTVN4rtos12channel_baseE
                0x00000000000031e8        0xc rtos.o
                0x00000000000031e8                vtable for rtos::channel_base
 .rodata._Z15task_trampolinev.str1.1
                0x00000000000031f4       0x2e rtos.o
 .rodata._ZN4rtos12waitable_set17waitable_allocateEv.str1.1
                0x0000000000003222       0x1b rtos.o
 .rodata._ZN4rtos3addEPNS_9task_baseE.str1.1
                0x000000000000323d       0x2e rtos.o
 .rodata._ZN4rtos4beatEv.str1.1
                0x000000000000326b       0x3e rtos.o
 .rodata._ZN4rtos5printERN5hwlib7ostreamE.str1.1
                0x00000000000032a9       0x83 rtos.o
 .rodata._ZN4rtos9task_base5blockEv.str1.1
                0x000000000000332c       0x37 rtos.o
                                         0x4b (size before relaxing)
 .rodata._ZN4rtos9task_baseC2ER9coroutineILl0EEjPKc.str1.1
                0x0000000000003363        0x8 rtos.o
 .rodata._ZNK4rtos12channel_base5printERN5hwlib7ostreamEb.str1.1
                0x000000000000336b       0x23 rtos.o
 .rodata._ZNK4rtos12mailbox_base5printERN5hwlib7ostreamEb.str1.1
                0x000000000000338e       0x1b rtos.o
 .rodata._ZNK4rtos4flag5printERN5hwlib7ostreamEb.str1.1
                0x00000000000033a9       0x1e rtos.o
 .rodata._ZNK4rtos5clock5printERN5hwlib7ostreamEb.str1.1
                0x00000000000033c7       0x1d rtos.o
 .rodata._ZNK4rtos5eventeqERKS0_.str1.1
                0x00000000000033e4       0x21 rtos.o
 .rodata._ZNK4rtos5eventplERKS0_.str1.1
                0x0000000000003405       0x1e rtos.o
 .rodata._ZNK4rtos5mutex5printERN5hwlib7ostreamEb.str1.1
                0x0000000000003423       0x29 rtos.o
 .rodata._ZNK4rtos5timer5printERN5hwlib7ostreamEb.str1.1
                0x000000000000344c       0x13 rtos.o
 .rodata._ZNK4rtos9pool_base5printERN5hwlib7ostreamEb.str1.1
                0x000000000000345f       0x10 rtos.o
 .rodata._ZNK4rtos9task_base5printERN5hwlib7ostreamEb.str1.1
                0x000000000000346f       0x37 rtos.o
                                         0x39 (size before relaxing)
 *fill*         0x00000000000034a6        0x2 
 .rodata._ZTVN4rtos5clockE
                0x00000000000034a8       0x20 rtos.o
                0x00000000000034a8                vtable for rtos::clock
 .rodata._ZTVN4rtos5timerE
                0x00000000000034c8       0x24 rtos.o
                0x00000000000034c8                vtable for rtos::timer
 .rodata._ZTVN4rtos9task_baseE
                0x00000000000034ec       0x14 rtos.o
                0x00000000000034ec                vtable for rtos::task_base
 .rodata._ZTVN5hwlib14pin_in_dummy_tE
                0x0000000000003500       0x10 hwlib.o
                0x0000000000003500                vtable for hwlib::pin_in_dummy_t
 .rodata._ZTVN5hwlib14pin_oc_dummy_tE
                0x0000000000003510       0x18 hwlib.o
                0x0000000000003510                vtable for hwlib::pin_oc_dummy_t
 .rodata._ZTVN5hwlib19port_in_from_pins_tE
                0x0000000000003528       0x14 hwlib.o
                0x0000000000003528                vtable for hwlib::port_in_from_pins_t
 .rodata._ZTVN5hwlib19port_oc_from_pins_tE
                0x000000000000353c       0x1c hwlib.o
                0x000000000000353c                vtable for hwlib::port_oc_from_pins_t
 .rodata._ZTVN5hwlib21port_direct_from_in_tE
                0x0000000000003558       0x14 hwlib.o
                0x0000000000003558                vtable for hwlib::port_direct_from_in_t
 .rodata._ZTVN5hwlib21port_direct_from_oc_tE
                0x000000000000356c       0x1c hwlib.o
                0x000000000000356c                vtable for hwlib::port_direct_from_oc_t
 .rodata._ZTVN5hwlib20cout_using_uart_putcE
                0x0000000000003588       0x10 hwlib.o
                0x0000000000003588                vtable for hwlib::cout_using_uart_putc
 .rodata._ZTVN3due6pin_inE
                0x0000000000003598       0x10 main.o
                0x0000000000003598                vtable for due::pin_in
 .rodata._ZTVN3due7pin_outE
                0x00000000000035a8       0x10 main.o
                0x00000000000035a8                vtable for due::pin_out
 .rodata._ZTVN3due6pin_ocE
                0x00000000000035b8       0x18 main.o
                0x00000000000035b8                vtable for due::pin_oc
 .rodata._ZTVN4rtos4taskILi4096EEE
                0x00000000000035d0       0x14 main.o
                0x00000000000035d0                vtable for rtos::task<4096>
 .rodata._ZTVN4rtos7channelIcLi13EEE
                0x00000000000035e4        0xc main.o
                0x00000000000035e4                vtable for rtos::channel<char, 13>
 .rodata._ZTVN3NEC9init_gameE
                0x00000000000035f0       0x24 main.o
                0x00000000000035f0                vtable for NEC::init_game
 .rodata._ZTVN3NEC6ZRX543E
                0x0000000000003614       0x14 main.o
                0x0000000000003614                vtable for NEC::ZRX543
 .rodata._ZTVN5hwlib6keypadILi16EEE
                0x0000000000003628       0x14 main.o
                0x0000000000003628                vtable for hwlib::keypad<16>
 .rodata._ZTVN4rtos7channelIiLi13EEE
                0x000000000000363c        0xc main.o
                0x000000000000363c                vtable for rtos::channel<int, 13>
 .rodata._ZTVN4rtos7channelItLi16EEE
                0x0000000000003648        0xc main.o
                0x0000000000003648                vtable for rtos::channel<unsigned short, 16>
 .rodata._ZTVN3NEC8run_gameE
                0x0000000000003654       0x34 main.o
                0x0000000000003654                vtable for NEC::run_game
 .rodata._ZTVN3NEC13reg_game_paraE
                0x0000000000003688       0x34 main.o
                0x0000000000003688                vtable for NEC::reg_game_para
 .rodata._ZTVN4rtos7channelIiLi16EEE
                0x00000000000036bc        0xc main.o
                0x00000000000036bc                vtable for rtos::channel<int, 16>
 .rodata._ZN3NEC13reg_game_para4mainEv.str1.1
                0x00000000000036c8       0x87 main.o
 .rodata._ZN3NEC8run_game4mainEv.str1.1
                0x000000000000374f       0x35 main.o
 .rodata._ZN3NEC9init_game4mainEv.str1.1
                0x0000000000003784       0x22 main.o
 .rodata._ZN4rtos7channelIcLi13EE4readEv.part.12.str1.1
                0x00000000000037a6       0x34 main.o
 .rodata._ZN4rtos8callbackD2Ev.str1.1
                0x00000000000037a6       0x21 main.o
 .rodata.main.str1.1
                0x00000000000037c7       0xca main.o
                0x0000000000003894                . = ALIGN (0x4)
 *fill*         0x0000000000003891        0x3 
 *(.ARM.extab* .gnu.linkonce.armextab.*)
                0x0000000000003894                . = ALIGN (0x4)
 *(.gcc_except_table)
                0x0000000000003894                . = ALIGN (0x4)
 *(.eh_frame_hdr)
                0x0000000000003894                . = ALIGN (0x4)
 *(.eh_frame)
                0x0000000000003894                . = ALIGN (0x4)
                0x0000000000003894                __text_end = .
                [!provide]                        PROVIDE (__text_end = __text_end)

.vfp11_veneer   0x0000000000003894        0x0
 .vfp11_veneer  0x0000000000003894        0x0 linker stubs

.v4_bx          0x0000000000003894        0x0
 .v4_bx         0x0000000000003894        0x0 linker stubs

.iplt           0x0000000000003894        0x0
 .iplt          0x0000000000003894        0x0 ir_sender.o

.IF_YOU_SEE_THIS_YOU_HAVE_ONE_OR_MORE_GLOBAL_OBJECT_CONSTRUCTORS
 *(.init)
 *(.preinit_array)
 *(SORT_BY_NAME(.init_array.*))
 *(.init_array)
                0x0000000000003894                . = ALIGN (0x4)
                0x0000000000003894                __exidx_start = .
                [!provide]                        PROVIDE (__exidx_start = __exidx_start)

.ARM.exidx      0x0000000000003894        0x8
 *(.ARM.exidx* .gnu.linkonce.armexidx.*)
 .ARM.exidx     0x0000000000003894        0x8 /usr/bin/../lib/gcc/arm-none-eabi/7.3.1/thumb/v7-m/libgcc.a(_udivmoddi4.o)

.rel.dyn        0x000000000000389c        0x0
 .rel.iplt      0x000000000000389c        0x0 ir_sender.o
                0x000000000000389c                . = ALIGN (0x4)
                0x000000000000389c                __exidx_end = .
                [!provide]                        PROVIDE (__exidx_end = __exidx_end)

.bss            0x0000000020000000    0x1205c
                0x0000000020000000                . = ALIGN (0x4)
                0x0000000020000000                __stack_start = .
                [!provide]                        PROVIDE (__stack_start = __stack_start)
                0x0000000020000000                . = ALIGN (0x4)
 *(.bmptk_stack)
 .bmptk_stack   0x0000000020000000    0x12000 bmptk_fixed_size_stack.o
                0x0000000020000000                bmptk_stack
                0x0000000020012000                . = ALIGN (0x8)
                0x0000000020012000                __main_stack_end = .
                [!provide]                        PROVIDE (__main_stack_end = __main_stack_end)
                0x0000000020012000                . = ALIGN (0x4)
                0x0000000020012000                __stack_end = .
                [!provide]                        PROVIDE (__stack_end = __stack_end)
                0x0000000020012000                . = ALIGN (0x4)
                0x0000000020012000                __bss_start = .
                [!provide]                        PROVIDE (__bss_start = __bss_start)
                0x0000000020012000                . = ALIGN (0x4)
 *(.bss .bss.* .gnu.linkonce.b.*)
 .bss._ZZN3due9now_ticksEvE4high
                0x0000000020012000        0x8 ir_sender.o
 .bss._ZZN3due9now_ticksEvE8last_low
                0x0000000020012008        0x4 ir_sender.o
 .bss._ZZN3due9now_ticksEvE9init_done
                0x000000002001200c        0x1 ir_sender.o
 *fill*         0x000000002001200d        0x3 
 .bss._ZN17coroutine_context7main_spE
                0x0000000020012010        0x4 coroutine.o
                0x0000000020012010                coroutine_context::main_sp
 .bss._ZN4rtos10must_clearE
                0x0000000020012014        0x1 rtos.o
                0x0000000020012014                rtos::must_clear
 *fill*         0x0000000020012015        0x3 
 .bss._ZN4rtos17rtos_current_taskE
                0x0000000020012018        0x4 rtos.o
                0x0000000020012018                rtos::rtos_current_task
 .bss._ZN4rtos17scheduler_runningE
                0x000000002001201c        0x1 rtos.o
                0x000000002001201c                rtos::scheduler_running
 *fill*         0x000000002001201d        0x3 
 .bss._ZN4rtos5flagsE
                0x0000000020012020        0x4 rtos.o
                0x0000000020012020                rtos::flags
 .bss._ZN4rtos5poolsE
                0x0000000020012024        0x4 rtos.o
                0x0000000020012024                rtos::pools
 .bss._ZN4rtos6clocksE
                0x0000000020012028        0x4 rtos.o
                0x0000000020012028                rtos::clocks
 .bss._ZN4rtos6timersE
                0x000000002001202c        0x4 rtos.o
                0x000000002001202c                rtos::timers
 .bss._ZN4rtos7mutexesE
                0x0000000020012030        0x4 rtos.o
                0x0000000020012030                rtos::mutexes
 .bss._ZN4rtos8channelsE
                0x0000000020012034        0x4 rtos.o
                0x0000000020012034                rtos::channels
 .bss._ZN4rtos8taskListE
                0x0000000020012038        0x4 rtos.o
                0x0000000020012038                rtos::taskList
 .bss._ZN4rtos9mailboxesE
                0x000000002001203c        0x4 rtos.o
                0x000000002001203c                rtos::mailboxes
 .bss._ZN4rtos9timerListE
                0x0000000020012040        0x4 rtos.o
                0x0000000020012040                rtos::timerList
 *fill*         0x0000000020012044        0x4 
 .bss.last_run_time
                0x0000000020012048        0x8 rtos.o
                0x0000000020012048                last_run_time
 .bss._ZN5hwlib10background5firstE
                0x0000000020012050        0x4 hwlib.o
                0x0000000020012050                hwlib::background::first
 .bss._ZN5hwlib10background7currentE
                0x0000000020012054        0x4 hwlib.o
                0x0000000020012054                hwlib::background::current
 .bss._ZN5hwlib10background7runningE
                0x0000000020012058        0x1 hwlib.o
                0x0000000020012058                hwlib::background::running
 .bss._ZZN3due9uart_initEvE9init_done
                0x0000000020012059        0x1 hwlib.o
                0x000000002001205c                . = ALIGN (0x4)
 *fill*         0x000000002001205a        0x2 
 *(COMMON)
                0x000000002001205c                . = ALIGN (0x4)
                0x000000002001205c                __bss_end = .
                [!provide]                        PROVIDE (__bss_end = __bss_end)

.data           0x000000002001205c       0x30 load address 0x000000000000389c
                0x000000002001205c                . = ALIGN (0x4)
                0x000000000000389c                __data_init_start = LOADADDR (.data)
                [!provide]                        PROVIDE (__data_init_start = __data_init_start)
                0x000000002001205c                __data_start = .
                [!provide]                        PROVIDE (__data_start = __data_start)
                0x000000002001205c                . = ALIGN (0x4)
 *(.data .data.* .gnu.linkonce.d.*)
 .data._ZN6sam3xa15SystemCoreClockE
                0x000000002001205c        0x4 ir_sender.o
                0x000000002001205c                sam3xa::SystemCoreClock
 .data._ZN17coroutine_context24current_coroutine_sp_ptrE
                0x0000000020012060        0x4 coroutine.o
                0x0000000020012060                coroutine_context::current_coroutine_sp_ptr
 .data._ZN3due7hw_uartE
                0x0000000020012064        0x4 hwlib.o
                0x0000000020012064                due::hw_uart
 .data._ZN5hwlib12pin_in_dummyE
                0x0000000020012068        0x4 hwlib.o
                0x0000000020012068                hwlib::pin_in_dummy
 .data._ZN5hwlib12pin_oc_dummyE
                0x000000002001206c        0x4 hwlib.o
                0x000000002001206c                hwlib::pin_oc_dummy
 .data._ZN5hwlib4coutE
                0x0000000020012070       0x14 hwlib.o
                0x0000000020012070                hwlib::cout
 .data._first_free
                0x0000000020012084        0x4 bmptk_heap_bmptk.o
                0x0000000020012084                _first_free
 .data._last_free
                0x0000000020012088        0x4 bmptk_heap_bmptk.o
                0x0000000020012088                _last_free
                0x000000002001208c                . = ALIGN (0x4)
                0x000000002001208c                __data_end = .
                [!provide]                        PROVIDE (__data_end = __data_end)
                0x000000000000389c                __data_init_end = LOADADDR (.data)
                [!provide]                        PROVIDE (__data_init_end = __data_init_end)
                [!provide]                        PROVIDE (__data_size = (__data_end - __data_start))
                [!provide]                        PROVIDE (__data_init_size = __data_size)
                [!provide]                        PROVIDE (__data_init_end = (__data_init_start + __data_init_size))

.igot.plt       0x000000002001208c        0x0 load address 0x00000000000038cc
 .igot.plt      0x000000002001208c        0x0 ir_sender.o
                0x000000002001208c                . = ALIGN (0x4)
                0x000000002001208c                __heap_start = .
                [!provide]                        PROVIDE (__heap_start = __heap_start)
                0x000000002001208c                . = ALIGN (0x4)
                0x0000000020018000                __heap_end = __ram_end
                [!provide]                        PROVIDE (__heap_end = __heap_end)

.stab
 *(.stab)

.stabstr
 *(.stabstr)

.debug
 *(.debug)

.line
 *(.line)

.debug_srcinfo
 *(.debug_srcinfo)

.debug_sfnames
 *(.debug_sfnames)

.debug_aranges
 *(.debug_aranges)

.debug_pubnames
 *(.debug_pubnames)

.debug_info
 *(.debug_info .gnu.linkonce.wi.*)

.debug_abbrev
 *(.debug_abbrev)

.debug_line
 *(.debug_line)

.debug_frame    0x0000000000000000       0xdc
 *(.debug_frame)
 .debug_frame   0x0000000000000000       0x44 /usr/bin/../lib/gcc/arm-none-eabi/7.3.1/thumb/v7-m/libgcc.a(_aeabi_ldivmod.o)
 .debug_frame   0x0000000000000044       0x2c /usr/bin/../lib/gcc/arm-none-eabi/7.3.1/thumb/v7-m/libgcc.a(_aeabi_uldivmod.o)
 .debug_frame   0x0000000000000070       0x34 /usr/bin/../lib/gcc/arm-none-eabi/7.3.1/thumb/v7-m/libgcc.a(_udivmoddi4.o)
 .debug_frame   0x00000000000000a4       0x38 /usr/bin/../lib/gcc/arm-none-eabi/7.3.1/../../../../arm-none-eabi/lib/thumb/v7-m/libc.a(lib_a-memset.o)

.comment        0x0000000000000000       0x7f
 .comment       0x0000000000000000       0x7f ir_sender.o
                                         0x80 (size before relaxing)
 .comment       0x000000000000007f       0x80 msg_decoder.o
 .comment       0x000000000000007f       0x80 pause_detector.o
 .comment       0x000000000000007f       0x80 coroutine.o
 .comment       0x000000000000007f       0x80 rtos.o
 .comment       0x000000000000007f       0x80 hwlib.o
 .comment       0x000000000000007f       0x80 main.o
 .comment       0x000000000000007f       0x80 bmptk_cortex.o
 .comment       0x000000000000007f       0x80 bmptk_heap_bmptk.o
 .comment       0x000000000000007f       0x80 bmptk_fixed_size_stack.o

.debug_str
 *(.debug_str)

.debug_loc
 *(.debug_loc)

.debug_macinfo
 *(.debug_macinfo)

.debug_weaknames
 *(.debug_weaknames)

.debug_funcnames
 *(.debug_funcnames)

.debug_typenames
 *(.debug_typenames)

.debug_varnames
 *(.debug_varnames)

.note.gnu.arm.ident
 *(.note.gnu.arm.ident)

.ARM.attributes
                0x0000000000000000       0x31
 *(.ARM.attributes)
 .ARM.attributes
                0x0000000000000000       0x33 ir_sender.o
 .ARM.attributes
                0x0000000000000033       0x33 msg_decoder.o
 .ARM.attributes
                0x0000000000000066       0x33 pause_detector.o
 .ARM.attributes
                0x0000000000000099       0x21 switch_to.o
 .ARM.attributes
                0x00000000000000ba       0x33 coroutine.o
 .ARM.attributes
                0x00000000000000ed       0x33 rtos.o
 .ARM.attributes
                0x0000000000000120       0x33 hwlib.o
 .ARM.attributes
                0x0000000000000153       0x33 main.o
 .ARM.attributes
                0x0000000000000186       0x33 bmptk_cortex.o
 .ARM.attributes
                0x00000000000001b9       0x33 bmptk_heap_bmptk.o
 .ARM.attributes
                0x00000000000001ec       0x33 bmptk_fixed_size_stack.o
 .ARM.attributes
                0x000000000000021f       0x1d /usr/bin/../lib/gcc/arm-none-eabi/7.3.1/thumb/v7-m/libgcc.a(_aeabi_ldivmod.o)
 .ARM.attributes
                0x000000000000023c       0x1d /usr/bin/../lib/gcc/arm-none-eabi/7.3.1/thumb/v7-m/libgcc.a(_aeabi_uldivmod.o)
 .ARM.attributes
                0x0000000000000259       0x2d /usr/bin/../lib/gcc/arm-none-eabi/7.3.1/thumb/v7-m/libgcc.a(_udivmoddi4.o)
 .ARM.attributes
                0x0000000000000286       0x1d /usr/bin/../lib/gcc/arm-none-eabi/7.3.1/thumb/v7-m/libgcc.a(_dvmd_tls.o)
 .ARM.attributes
                0x00000000000002a3       0x1b /usr/bin/../lib/gcc/arm-none-eabi/7.3.1/../../../../arm-none-eabi/lib/thumb/v7-m/libc.a(lib_a-memcpy.o)
 .ARM.attributes
                0x00000000000002be       0x2d /usr/bin/../lib/gcc/arm-none-eabi/7.3.1/../../../../arm-none-eabi/lib/thumb/v7-m/libc.a(lib_a-memset.o)

/DISCARD/
 *(.note.GNU-stack)
                [!provide]                        PROVIDE (__text_size = (__text_end - __text_start))
                [!provide]                        PROVIDE (__exidx_size = (__exidx_end - __exidx_start))
                [!provide]                        PROVIDE (__bss_size = (__bss_end - __bss_start))
                [!provide]                        PROVIDE (__stack_size = (__stack_end - __stack_start))
                [!provide]                        PROVIDE (__heap_size = (__heap_end - __heap_start))
OUTPUT(main.elf elf32-littlearm)
