Archive member included to satisfy reference by file (symbol)

/usr/bin/../lib/gcc/arm-none-eabi/7.3.1/thumb/v7-m/libgcc.a(_aeabi_ldivmod.o)
                              rtos.o (__aeabi_ldivmod)
/usr/bin/../lib/gcc/arm-none-eabi/7.3.1/thumb/v7-m/libgcc.a(_aeabi_uldivmod.o)
                              rtos.o (__aeabi_uldivmod)
/usr/bin/../lib/gcc/arm-none-eabi/7.3.1/thumb/v7-m/libgcc.a(_udivmoddi4.o)
                              /usr/bin/../lib/gcc/arm-none-eabi/7.3.1/thumb/v7-m/libgcc.a(_aeabi_ldivmod.o) (__udivmoddi4)
/usr/bin/../lib/gcc/arm-none-eabi/7.3.1/thumb/v7-m/libgcc.a(_dvmd_tls.o)
                              /usr/bin/../lib/gcc/arm-none-eabi/7.3.1/thumb/v7-m/libgcc.a(_aeabi_ldivmod.o) (__aeabi_ldiv0)

Allocating common symbols
Common symbol       size              file

__dso_handle        0x4               bmptk_cortex.o

Discarded input sections

 .data          0x0000000000000000        0x0 switch_to.o
 .bss           0x0000000000000000        0x0 switch_to.o
 .group         0x0000000000000000        0xc coroutine.o
 .text          0x0000000000000000        0x0 coroutine.o
 .data          0x0000000000000000        0x0 coroutine.o
 .bss           0x0000000000000000        0x0 coroutine.o
 .text._ZN3due11ad_pin_infoENS_7ad_pinsE
                0x0000000000000000       0x1c coroutine.o
 .text._ZN3due11ad_seq_infoEm
                0x0000000000000000       0x20 coroutine.o
 .text._ZN5hwlib19uart_char_availableEv
                0x0000000000000000        0x4 coroutine.o
 .text._ZN5hwlib9uart_getcEv
                0x0000000000000000        0x4 coroutine.o
 .rodata._ZZN3due11ad_pin_infoENS_7ad_pinsEE17ad_pin_info_array
                0x0000000000000000        0xc coroutine.o
 .rodata._ZZN3due11ad_seq_infoEmE12ad_seq_array
                0x0000000000000000       0x70 coroutine.o
 .group         0x0000000000000000        0x8 rtos.o
 .group         0x0000000000000000        0x8 rtos.o
 .group         0x0000000000000000        0xc rtos.o
 .group         0x0000000000000000        0xc rtos.o
 .group         0x0000000000000000        0xc rtos.o
 .group         0x0000000000000000        0xc rtos.o
 .group         0x0000000000000000        0xc rtos.o
 .group         0x0000000000000000        0xc rtos.o
 .group         0x0000000000000000        0xc rtos.o
 .group         0x0000000000000000        0xc rtos.o
 .group         0x0000000000000000        0xc rtos.o
 .group         0x0000000000000000        0xc rtos.o
 .group         0x0000000000000000        0xc rtos.o
 .group         0x0000000000000000        0xc rtos.o
 .text          0x0000000000000000        0x0 rtos.o
 .data          0x0000000000000000        0x0 rtos.o
 .bss           0x0000000000000000        0x0 rtos.o
 .text._ZN6sam3xa10SystemInitEv
                0x0000000000000000       0x7c rtos.o
 .text._ZN3due8pin_infoENS_4pinsE
                0x0000000000000000       0x20 rtos.o
 .text._ZN3due11ad_pin_infoENS_7ad_pinsE
                0x0000000000000000       0x1c rtos.o
 .text._ZN3due11ad_seq_infoEm
                0x0000000000000000       0x20 rtos.o
 .text._ZN3due14port_registersEm
                0x0000000000000000       0x54 rtos.o
 .text._ZN3due12ticks_per_usEv
                0x0000000000000000        0x6 rtos.o
 .text._ZN3due9now_ticksEv
                0x0000000000000000       0x80 rtos.o
 .text._ZN5hwlib9uart_putcEc
                0x0000000000000000        0x4 rtos.o
 .text._ZN5hwlib19uart_char_availableEv
                0x0000000000000000        0x4 rtos.o
 .text._ZN5hwlib9uart_getcEv
                0x0000000000000000        0x4 rtos.o
 .text._ZNK4rtos5eventeqERKS0_
                0x0000000000000000       0x3c rtos.o
 .text._ZNK4rtos5eventneERKS0_
                0x0000000000000000       0x3c rtos.o
 .text._ZNK4rtos5eventeqERKNS_8waitableE
                0x0000000000000000       0x1c rtos.o
 .text._ZNK4rtos5eventneERKNS_8waitableE
                0x0000000000000000       0x1c rtos.o
 .text._ZNK4rtos5eventplERKS0_
                0x0000000000000000       0x3c rtos.o
 .text._ZNK4rtos5event5printERN5hwlib7ostreamE
                0x0000000000000000       0x30 rtos.o
 .text._ZN4rtos5timer3setEm
                0x0000000000000000        0xe rtos.o
 .text._ZN4rtos5timer5startEm
                0x0000000000000000        0xe rtos.o
 .text._ZN4rtos5clock7time_upEv
                0x0000000000000000       0x38 rtos.o
 .text._ZThn16_N4rtos5clock7time_upEv
                0x0000000000000000        0x8 rtos.o
 .text._ZN4rtos4flag3setEv
                0x0000000000000000       0x10 rtos.o
 .text._ZN4rtos5clock5clearEv
                0x0000000000000000        0x8 rtos.o
 .text._ZN4rtos5mutex4waitEv
                0x0000000000000000       0x30 rtos.o
 .text._ZN4rtos5mutex6signalEv
                0x0000000000000000       0x50 rtos.o
 .text._ZN4rtos5mutexD2Ev
                0x0000000000000000       0x28 rtos.o
 .text._ZlsRN5hwlib7ostreamERKN4rtos9task_baseE
                0x0000000000000000       0x12 rtos.o
[...]
Memory Configuration

Name             Origin             Length             Attributes
rom              0x0000000000000000 0x0000000000080000 xr
ram              0x0000000020000000 0x0000000000018000 xrw
nul              0x0000000020018000 0x0000000000000000 xrw
*default*        0x0000000000000000 0xffffffffffffffff

Linker script and memory map

LOAD /usr/bin/../lib/gcc/arm-none-eabi/7.3.1/thumb/v7-m/libgcc.a
LOAD switch_to.o
LOAD coroutine.o
LOAD rtos.o
LOAD hwlib.o
LOAD main.o
LOAD bmptk_cortex.o
LOAD bmptk_heap_bmptk.o
LOAD bmptk_fixed_size_stack.o
LOAD /usr/bin/../lib/gcc/arm-none-eabi/7.3.1/../../../../arm-none-eabi/lib/thumb/v7-m/libm.a
LOAD /usr/bin/../lib/gcc/arm-none-eabi/7.3.1/thumb/v7-m/libgcc.a
LOAD /usr/bin/../lib/gcc/arm-none-eabi/7.3.1/../../../../arm-none-eabi/lib/thumb/v7-m/libc.a
                0x0000000000000000                __rom_start = ORIGIN (rom)
                0x0000000000080000                __rom_size = LENGTH (rom)
                0x0000000000080000                __rom_end = (__rom_start + __rom_size)
                0x0000000020000000                __ram_start = ORIGIN (ram)
                0x0000000000018000                __ram_size = LENGTH (ram)
                0x0000000020018000                __ram_end = (__ram_start + __ram_size)
                [!provide]                        PROVIDE (__rom_start = __rom_start)
                [!provide]                        PROVIDE (__rom_size = __rom_size)
                [!provide]                        PROVIDE (__rom_end = __rom_end)
                [!provide]                        PROVIDE (__ram_start = __ram_start)
                [!provide]                        PROVIDE (__ram_size = __ram_size)
                [!provide]                        PROVIDE (__ram_end = __ram_end)

.text           0x0000000000000000     0x24d4
                0x0000000000000000                . = ALIGN (0x4)
                0x0000000000000000                __text_start = .
                [!provide]                        PROVIDE (__text_start = __text_start)
                0x0000000000000000                . = ALIGN (0x4)
 *(.vectors)
 .vectors       0x0000000000000000       0x20 bmptk_cortex.o
                0x0000000000000000                __vectors
                0x0000000000000020                . = ALIGN (0x4)
 *(.text .text.* .gnu.linkonce.t.*)
 .text          0x0000000000000020       0x24 switch_to.o
                0x0000000000000020                switch_from_to
 .text._ZN6sam3xa10SystemInitEv
                0x0000000000000044       0x7c coroutine.o
                0x0000000000000044                sam3xa::SystemInit()
 .text._ZN3due8pin_infoENS_4pinsE
                0x00000000000000c0       0x20 coroutine.o
                0x00000000000000c0                due::pin_info(due::pins)
 .text._ZN3due14port_registersEm
                0x00000000000000e0       0x54 coroutine.o
                0x00000000000000e0                due::port_registers(unsigned long)
 .text._ZN3due12ticks_per_usEv
                0x0000000000000134        0x6 coroutine.o
                0x0000000000000134                due::ticks_per_us()
 *fill*         0x000000000000013a        0x2 
 .text._ZN3due9now_ticksEv
                0x000000000000013c       0x80 coroutine.o
                0x000000000000013c                due::now_ticks()
 .text._ZN5hwlib9uart_putcEc
                0x00000000000001bc        0x4 coroutine.o
                0x00000000000001bc                hwlib::uart_putc(char)
 .text._ZN4rtos8callback6cancelEv
                0x00000000000001c0        0xa rtos.o
                0x00000000000001c0                rtos::callback::cancel()
 .text._ZN5hwlib7ostream7reverse10add_prefixERKS0_.part.2
                0x00000000000001ca       0x4c rtos.o
 .text._ZN5hwlib7ostreamlsEc
                0x0000000000000216        0xe rtos.o
                0x0000000000000216                hwlib::ostream::operator<<(char)
 .text._ZN5hwliblsERNS_7ostreamEPKc
                0x0000000000000224       0x66 rtos.o
                0x0000000000000224                hwlib::operator<<(hwlib::ostream&, char const*)
 .text._ZN5hwliblsERNS_7ostreamEi
                0x000000000000028a       0x92 rtos.o
                0x000000000000028a                hwlib::operator<<(hwlib::ostream&, int)
 .text._ZN5hwliblsERNS_7ostreamEx
                0x000000000000031c       0xc4 rtos.o
                0x000000000000031c                hwlib::operator<<(hwlib::ostream&, long long)
 .text._ZN5hwliblsERNS_7ostreamEj
                0x00000000000003e0        0xc rtos.o
                0x00000000000003e0                hwlib::operator<<(hwlib::ostream&, unsigned int)
 .text._Z6strlenPKc
                0x00000000000003ec       0x10 rtos.o
                0x00000000000003ec                strlen(char const*)
 .text._Z6strcpyPcPKc
                0x00000000000003fc       0x14 rtos.o
                0x00000000000003fc                strcpy(char*, char const*)
 .text._Z15string_allocatePKc
                0x0000000000000410       0x26 rtos.o
                0x0000000000000410                string_allocate(char const*)
 .text._Z12nr_from_maskj
                0x0000000000000436       0x1a rtos.o
                0x0000000000000436                nr_from_mask(unsigned int)
 .text._Z15task_trampolinev
                0x0000000000000450       0x34 rtos.o
                0x0000000000000450                task_trampoline()
 .text._ZN4rtos9task_base7releaseEv
                0x0000000000000484       0x24 rtos.o
                0x0000000000000484                rtos::task_base::release()
 .text._ZN4rtos9task_base7suspendEv
                0x00000000000004a8        0x8 rtos.o
                0x00000000000004a8                rtos::task_base::suspend()
 .text._ZN4rtos9task_base6resumeEv
                0x00000000000004b0        0x8 rtos.o
                0x00000000000004b0                rtos::task_base::resume()
 .text._ZN4rtos9task_base7unblockEv
                0x00000000000004b8       0x14 rtos.o
                0x00000000000004b8                rtos::task_base::unblock()
 .text._ZN4rtos9task_base5blockEv
                0x00000000000004cc       0x70 rtos.o
                0x00000000000004cc                rtos::task_base::block()
 .text._ZNK4rtos9task_base5printERN5hwlib7ostreamEb
                0x000000000000053c      0x154 rtos.o
                0x000000000000053c                rtos::task_base::print(hwlib::ostream&, bool) const
 .text._ZNK4rtos4flag5printERN5hwlib7ostreamEb
                0x0000000000000690       0xcc rtos.o
                0x0000000000000690                rtos::flag::print(hwlib::ostream&, bool) const
 .text._ZNK4rtos5timer5printERN5hwlib7ostreamEb
                0x000000000000075c       0xd0 rtos.o
                0x000000000000075c                rtos::timer::print(hwlib::ostream&, bool) const
 .text._ZNK4rtos5clock5printERN5hwlib7ostreamEb
                0x000000000000082c       0xd4 rtos.o
                0x000000000000082c                rtos::clock::print(hwlib::ostream&, bool) const
 .text._ZN4rtos12waitable_set17waitable_allocateEv
                0x0000000000000900       0x38 rtos.o
                0x0000000000000900                rtos::waitable_set::waitable_allocate()
 .text._ZN4rtos8waitableC2EPNS_9task_baseEPKc
                0x0000000000000938       0x2c rtos.o
                0x0000000000000938                rtos::waitable::waitable(rtos::task_base*, char const*)
                0x0000000000000938                rtos::waitable::waitable(rtos::task_base*, char const*)
 .text._ZN4rtos12waitable_set3setERKNS_8waitableE
                0x0000000000000964       0x14 rtos.o
                0x0000000000000964                rtos::waitable_set::set(rtos::waitable const&)
 .text._ZN4rtos5timer7time_upEv
                0x0000000000000978       0x10 rtos.o
                0x0000000000000978                rtos::timer::time_up()
                0x0000000000000982                non-virtual thunk to rtos::timer::time_up()
 .text._ZN4rtos12waitable_set5clearERKNS_8waitableE
                0x0000000000000988        0xc rtos.o
                0x0000000000000988                rtos::waitable_set::clear(rtos::waitable const&)
 .text._ZN4rtos8waitable5clearEv
                0x0000000000000994        0xa rtos.o
                0x0000000000000994                rtos::waitable::clear()
 .text._ZN4rtos5timer6cancelEv
                0x000000000000099e       0x16 rtos.o
                0x000000000000099e                rtos::timer::cancel()
 .text._ZThn16_N4rtos5timer6cancelEv
                0x00000000000009b4        0x8 rtos.o
                0x00000000000009b4                non-virtual thunk to rtos::timer::cancel()
 .text._ZN4rtos12waitable_set4waitEj
                0x00000000000009bc       0x64 rtos.o
                0x00000000000009bc                rtos::waitable_set::wait(unsigned int)
 .text._ZNK4rtos5mutex5printERN5hwlib7ostreamEb
                0x0000000000000a20       0xec rtos.o
                0x0000000000000a20                rtos::mutex::print(hwlib::ostream&, bool) const
 .text._ZNK4rtos12channel_base5printERN5hwlib7ostreamEb
                0x0000000000000b0c       0xe0 rtos.o
                0x0000000000000b0c                rtos::channel_base::print(hwlib::ostream&, bool) const
 .text._ZNK4rtos9pool_base5printERN5hwlib7ostreamEb
                0x0000000000000bec       0x78 rtos.o
                0x0000000000000bec                rtos::pool_base::print(hwlib::ostream&, bool) const
 .text._ZNK4rtos12mailbox_base5printERN5hwlib7ostreamEb
                0x0000000000000c64       0xc4 rtos.o
                0x0000000000000c64                rtos::mailbox_base::print(hwlib::ostream&, bool) const
 .text._ZN4rtos3addEPNS_5timerE
                0x0000000000000d28       0x10 rtos.o
                0x0000000000000d28                rtos::add(rtos::timer*)
 .text._ZN4rtos3addEPNS_12channel_baseE
                0x0000000000000d38       0x10 rtos.o
                0x0000000000000d38                rtos::add(rtos::channel_base*)
 .text._ZN4rtos12channel_baseC2EPNS_9task_baseEPKc
                0x0000000000000d48       0x30 rtos.o
                0x0000000000000d48                rtos::channel_base::channel_base(rtos::task_base*, char const*)
                0x0000000000000d48                rtos::channel_base::channel_base(rtos::task_base*, char const*)
 .text._ZN4rtos5printERN5hwlib7ostreamE
                0x0000000000000d78      0x1b4 rtos.o
                0x0000000000000d78                rtos::print(hwlib::ostream&)
 .text._ZN4rtos4beatEv
                0x0000000000000f2c      0x148 rtos.o
                0x0000000000000f2c                rtos::beat()
 .text._ZN4rtos3runEv
                0x0000000000001074       0x20 rtos.o
                0x0000000000001074                rtos::run()
 .text._ZN4rtos3addEPNS_8callbackE
                0x0000000000001094       0x10 rtos.o
                0x0000000000001094                rtos::add(rtos::callback*)
 .text._ZN4rtos8callbackC2EPKc
                0x00000000000010a4       0x28 rtos.o
                0x00000000000010a4                rtos::callback::callback(char const*)
                0x00000000000010a4                rtos::callback::callback(char const*)
 .text._ZN4rtos5timerC2EPNS_9task_baseEPKc
                0x00000000000010cc       0x34 rtos.o
                0x00000000000010cc                rtos::timer::timer(rtos::task_base*, char const*)
                0x00000000000010cc                rtos::timer::timer(rtos::task_base*, char const*)
 .text._ZN4rtos3addEPNS_9task_baseE
                0x0000000000001100       0x74 rtos.o
                0x0000000000001100                rtos::add(rtos::task_base*)
 .text._ZN4rtos9task_baseC2ER9coroutineILl0EEjPKc
                0x0000000000001174       0x4c rtos.o
                0x0000000000001174                rtos::task_base::task_base(coroutine<0l>&, unsigned int, char const*)
                0x0000000000001174                rtos::task_base::task_base(coroutine<0l>&, unsigned int, char const*)
 .text._ZN5hwlib7wait_usEi
                0x00000000000011c0       0x3c rtos.o
                0x00000000000011c0                hwlib::wait_us(int)
 .text._ZN5hwlib7wait_msEi
                0x00000000000011fc       0x16 rtos.o
                0x00000000000011fc                hwlib::wait_ms(int)
 .text._ZN5hwlib14pin_in_dummy_t4readEv
                0x0000000000001212        0x4 hwlib.o
                0x0000000000001212                hwlib::pin_in_dummy_t::read()
 .text._ZN5hwlib14pin_in_dummy_t7refreshEv
                0x0000000000001216        0x2 hwlib.o
                0x0000000000001216                hwlib::pin_in_dummy_t::refresh()
 .text._ZN5hwlib14pin_oc_dummy_t5writeEb
                0x0000000000001218        0x2 hwlib.o
                0x0000000000001218                hwlib::pin_oc_dummy_t::write(bool)
 .text._ZN5hwlib14pin_oc_dummy_t4readEv
                0x000000000000121a        0x4 hwlib.o
                0x000000000000121a                hwlib::pin_oc_dummy_t::read()
 .text._ZN5hwlib14pin_oc_dummy_t5flushEv
                0x000000000000121e        0x2 hwlib.o
                0x000000000000121e                hwlib::pin_oc_dummy_t::flush()
 .text._ZN5hwlib14pin_oc_dummy_t7refreshEv
                0x0000000000001220        0x2 hwlib.o
                0x0000000000001220                hwlib::pin_oc_dummy_t::refresh()
 .text._ZN5hwlib19port_in_from_pins_t14number_of_pinsEv
                0x0000000000001222        0x4 hwlib.o
                0x0000000000001222                hwlib::port_in_from_pins_t::number_of_pins()
 .text._ZN5hwlib19port_in_from_pins_t4readEv
                0x0000000000001226       0x2a hwlib.o
                0x0000000000001226                hwlib::port_in_from_pins_t::read()
 .text._ZN5hwlib19port_in_from_pins_t7refreshEv
                0x0000000000001250       0x20 hwlib.o
                0x0000000000001250                hwlib::port_in_from_pins_t::refresh()
 .text._ZN5hwlib19port_oc_from_pins_t14number_of_pinsEv
                0x0000000000001270        0x4 hwlib.o
                0x0000000000001270                hwlib::port_oc_from_pins_t::number_of_pins()
 .text._ZN5hwlib19port_oc_from_pins_t4readEv
                0x0000000000001274       0x2a hwlib.o
                0x0000000000001274                hwlib::port_oc_from_pins_t::read()
 .text._ZN5hwlib19port_oc_from_pins_t5writeEj
                0x000000000000129e       0x28 hwlib.o
                0x000000000000129e                hwlib::port_oc_from_pins_t::write(unsigned int)
 .text._ZN5hwlib19port_oc_from_pins_t7refreshEv
                0x00000000000012c6       0x20 hwlib.o
                0x00000000000012c6                hwlib::port_oc_from_pins_t::refresh()
 .text._ZN5hwlib19port_oc_from_pins_t5flushEv
                0x00000000000012e6       0x20 hwlib.o
                0x00000000000012e6                hwlib::port_oc_from_pins_t::flush()
 .text._ZN5hwlib21port_direct_from_in_t14number_of_pinsEv
                0x0000000000001306        0x8 hwlib.o
                0x0000000000001306                hwlib::port_direct_from_in_t::number_of_pins()
 .text._ZN5hwlib21port_direct_from_in_t4readEv
                0x000000000000130e       0x18 hwlib.o
                0x000000000000130e                hwlib::port_direct_from_in_t::read()
 .text._ZN5hwlib21port_direct_from_in_t7refreshEv
                0x0000000000001326        0x2 hwlib.o
                0x0000000000001326                hwlib::port_direct_from_in_t::refresh()
 .text._ZN5hwlib21port_direct_from_oc_t14number_of_pinsEv
                0x0000000000001328        0x8 hwlib.o
                0x0000000000001328                hwlib::port_direct_from_oc_t::number_of_pins()
 .text._ZN5hwlib21port_direct_from_oc_t5writeEj
                0x0000000000001330       0x18 hwlib.o
                0x0000000000001330                hwlib::port_direct_from_oc_t::write(unsigned int)
 .text._ZN5hwlib21port_direct_from_oc_t4readEv
                0x0000000000001348       0x18 hwlib.o
                0x0000000000001348                hwlib::port_direct_from_oc_t::read()
 .text._ZN5hwlib21port_direct_from_oc_t5flushEv
                0x0000000000001360        0x2 hwlib.o
                0x0000000000001360                hwlib::port_direct_from_oc_t::flush()
 .text._ZN5hwlib21port_direct_from_oc_t7refreshEv
                0x0000000000001362        0x2 hwlib.o
                0x0000000000001362                hwlib::port_direct_from_oc_t::refresh()
 .text._ZN5hwlib7istream11getc_nowaitEv
                0x0000000000001364       0x1a hwlib.o
                0x0000000000001364                hwlib::istream::getc_nowait()
 .text._ZN5hwlib20cout_using_uart_putc5flushEv
                0x000000000000137e        0x2 hwlib.o
                0x000000000000137e                hwlib::cout_using_uart_putc::flush()
 .text._ZN5hwlib5panicEPKcj
                0x0000000000001380        0x2 hwlib.o
                0x0000000000001380                hwlib::panic(char const*, unsigned int)
 *fill*         0x0000000000001382        0x2 
 .text._ZN5hwlib10background18do_background_workEv
                0x0000000000001384       0x3c hwlib.o
                0x0000000000001384                hwlib::background::do_background_work()
 .text._ZN5hwlib3allENS_2xyE
                0x00000000000013c0       0x16 hwlib.o
                0x00000000000013c0                hwlib::all(hwlib::xy)
 *fill*         0x00000000000013d6        0x2 
 .text._ZN5hwlib12port_in_fromERNS_6pin_inES1_S1_S1_S1_S1_S1_S1_S1_S1_S1_S1_S1_S1_S1_S1_
                0x00000000000013d8       0x68 hwlib.o
                0x00000000000013d8                hwlib::port_in_from(hwlib::pin_in&, hwlib::pin_in&, hwlib::pin_in&, hwlib::pin_in&, hwlib::pin_in&, hwlib::pin_in&, hwlib::pin_in&, hwlib::pin_in&, hwlib::pin_in&, hwlib::pin_in&, hwlib::pin_in&, hwlib::pin_in&, hwlib::pin_in&, hwlib::pin_in&, hwlib::pin_in&, hwlib::pin_in&)
 .text._ZN5hwlib12port_oc_fromERNS_6pin_ocES1_S1_S1_S1_S1_S1_S1_S1_S1_S1_S1_S1_S1_S1_S1_
                0x0000000000001440       0x68 hwlib.o
                0x0000000000001440                hwlib::port_oc_from(hwlib::pin_oc&, hwlib::pin_oc&, hwlib::pin_oc&, hwlib::pin_oc&, hwlib::pin_oc&, hwlib::pin_oc&, hwlib::pin_oc&, hwlib::pin_oc&, hwlib::pin_oc&, hwlib::pin_oc&, hwlib::pin_oc&, hwlib::pin_oc&, hwlib::pin_oc&, hwlib::pin_oc&, hwlib::pin_oc&, hwlib::pin_oc&)
 .text._ZN3due9uart_initEv
                0x00000000000014a8       0x60 hwlib.o
                0x00000000000014a8                due::uart_init()
 .text._ZN3due9uart_putcEc
                0x0000000000001508       0x20 hwlib.o
                0x0000000000001508                due::uart_putc(char)
 .text._ZN5hwlib20cout_using_uart_putc4putcEc
                0x0000000000001528        0xa hwlib.o
                0x0000000000001528                hwlib::cout_using_uart_putc::putc(char)
 .text._ZN5hwlib6now_usEv
                0x0000000000001532       0x1c hwlib.o
                0x0000000000001532                hwlib::now_us()
 .text._ZN5hwlib12wait_us_busyEi
                0x000000000000154e       0x1c hwlib.o
                0x000000000000154e                hwlib::wait_us_busy(int)
 .text._ZN3due6pin_in4readEv
                0x000000000000156a       0x10 main.o
                0x000000000000156a                due::pin_in::read()
 .text._ZN3due6pin_in7refreshEv
                0x000000000000157a        0x2 main.o
                0x000000000000157a                due::pin_in::refresh()
 .text._ZN3due6pin_oc4readEv
                0x000000000000157c       0x10 main.o
                0x000000000000157c                due::pin_oc::read()
 .text._ZN3due6pin_oc5writeEb
                0x000000000000158c       0x10 main.o
                0x000000000000158c                due::pin_oc::write(bool)
 .text._ZN3due6pin_oc5flushEv
                0x000000000000159c        0x2 main.o
                0x000000000000159c                due::pin_oc::flush()
 .text._ZN3due6pin_oc7refreshEv
                0x000000000000159e        0x2 main.o
                0x000000000000159e                due::pin_oc::refresh()
 .text._ZN5hwlib6keypadILi16EE4getcEv
                0x00000000000015a0       0x24 main.o
                0x00000000000015a0                hwlib::keypad<16>::getc()
 .text._ZN4rtos7channelIcLi13EE5clearEv
                0x00000000000015c4       0x10 main.o
                0x00000000000015c4                rtos::channel<char, 13>::clear()
 .text._ZN3NEC9init_game12key_detectedERKc
                0x00000000000015d4       0x4c main.o
                0x00000000000015d4                NEC::init_game::key_detected(char const&)
                0x0000000000001616                non-virtual thunk to NEC::init_game::key_detected(char const&)
 .text._ZN3due6pin_inC2ENS_4pinsE
                0x0000000000001620       0x34 main.o
                0x0000000000001620                due::pin_in::pin_in(due::pins)
                0x0000000000001620                due::pin_in::pin_in(due::pins)
 .text._ZN3due6pin_ocC2ENS_4pinsE
                0x0000000000001654       0x34 main.o
                0x0000000000001654                due::pin_oc::pin_oc(due::pins)
                0x0000000000001654                due::pin_oc::pin_oc(due::pins)
 .text._ZN4rtos9task_baseD2Ev
                0x0000000000001688       0x30 main.o
                0x0000000000001688                rtos::task_base::~task_base()
                0x0000000000001688                rtos::task_base::~task_base()
 .text._ZN4rtos7channelIcLi13EE4readEv
                0x00000000000016b8       0x70 main.o
                0x00000000000016b8                rtos::channel<char, 13>::read()
 .text.startup._ZN3NEC9init_game4mainEv
                0x0000000000001728      0x140 main.o
                0x0000000000001728                NEC::init_game::main()
 .text._ZN4rtos4taskILi4096EEC2EPKc
                0x0000000000001868       0x58 main.o
                0x0000000000001868                rtos::task<4096>::task(char const*)
                0x0000000000001868                rtos::task<4096>::task(char const*)
 .text.startup.main
                0x00000000000018c0      0x18c main.o
                0x00000000000018c0                main
 .text._ZN5hwlib6keypadILi16EE7pressedEv
                0x0000000000001a4c       0x70 main.o
                0x0000000000001a4c                hwlib::keypad<16>::pressed()
 .text._ZN5hwlib6keypadILi16EE14char_availableEv
                0x0000000000001abc       0x4a main.o
                0x0000000000001abc                hwlib::keypad<16>::char_available()
 .text.startup._ZN3NEC6ZRX5434mainEv
                0x0000000000001b06       0x34 main.o
                0x0000000000001b06                NEC::ZRX543::main()
 *fill*         0x0000000000001b3a        0x2 
 .text.__startup
                0x0000000000001b3c       0x48 bmptk_cortex.o
                0x0000000000001b3c                __startup
 .text.__cxa_pure_virtual
                0x0000000000001b84        0x2 bmptk_cortex.o
                0x0000000000001b84                __cxa_pure_virtual
 *fill*         0x0000000000001b86        0x2 
 .text.malloc   0x0000000000001b88       0x24 bmptk_heap_bmptk.o
                0x0000000000001b88                malloc
 .text          0x0000000000001bac       0xa0 /usr/bin/../lib/gcc/arm-none-eabi/7.3.1/thumb/v7-m/libgcc.a(_aeabi_ldivmod.o)
                0x0000000000001bac                __aeabi_ldivmod
 .text          0x0000000000001c4c       0x30 /usr/bin/../lib/gcc/arm-none-eabi/7.3.1/thumb/v7-m/libgcc.a(_aeabi_uldivmod.o)
                0x0000000000001c4c                __aeabi_uldivmod
 .text          0x0000000000001c7c      0x2d0 /usr/bin/../lib/gcc/arm-none-eabi/7.3.1/thumb/v7-m/libgcc.a(_udivmoddi4.o)
                0x0000000000001c7c                __udivmoddi4
 .text          0x0000000000001f4c        0x4 /usr/bin/../lib/gcc/arm-none-eabi/7.3.1/thumb/v7-m/libgcc.a(_dvmd_tls.o)
                0x0000000000001f4c                __aeabi_ldiv0
                0x0000000000001f50                . = ALIGN (0x4)
 *(.glue_7t .glue_7)
 .glue_7        0x0000000000001f50        0x0 linker stubs
 .glue_7t       0x0000000000001f50        0x0 linker stubs
                0x0000000000001f50                . = ALIGN (0x4)
 *(.rodata .rodata.* .gnu.linkonce.r.*)
 .rodata._ZN3due8pin_infoENS_4pinsE.str1.1
                0x0000000000001f50       0x33 coroutine.o
 .rodata._ZZN3due8pin_infoENS_4pinsEE14pin_info_array
                0x0000000000001f83       0xa4 coroutine.o
 *fill*         0x0000000000002027        0x1 
 .rodata._ZTVN4rtos8waitableE
                0x0000000000002028        0xc rtos.o
                0x0000000000002028                vtable for rtos::waitable
 .rodata._ZTVN4rtos8callbackE
                0x0000000000002034       0x10 rtos.o
                0x0000000000002034                vtable for rtos::callback
 .rodata._ZTVN4rtos12channel_baseE
                0x0000000000002044        0xc rtos.o
                0x0000000000002044                vtable for rtos::channel_base
 .rodata._Z15task_trampolinev.str1.1
                0x0000000000002050       0x2e rtos.o
 .rodata._ZN4rtos12waitable_set17waitable_allocateEv.str1.1
                0x000000000000207e       0x1b rtos.o
 .rodata._ZN4rtos3addEPNS_9task_baseE.str1.1
                0x0000000000002099       0x2e rtos.o
 .rodata._ZN4rtos4beatEv.str1.1
                0x00000000000020c7       0x3e rtos.o
 .rodata._ZN4rtos5printERN5hwlib7ostreamE.str1.1
                0x0000000000002105       0x83 rtos.o
 .rodata._ZN4rtos9task_base5blockEv.str1.1
                0x0000000000002188       0x49 rtos.o
                                         0x4b (size before relaxing)
 .rodata._ZN4rtos9task_baseC2ER9coroutineILl0EEjPKc.str1.1
                0x00000000000021d1        0x8 rtos.o
 .rodata._ZNK4rtos12channel_base5printERN5hwlib7ostreamEb.str1.1
                0x00000000000021d9       0x23 rtos.o
 .rodata._ZNK4rtos12mailbox_base5printERN5hwlib7ostreamEb.str1.1
                0x00000000000021fc       0x1b rtos.o
 .rodata._ZNK4rtos4flag5printERN5hwlib7ostreamEb.str1.1
                0x0000000000002217       0x1e rtos.o
 .rodata._ZNK4rtos5clock5printERN5hwlib7ostreamEb.str1.1
                0x0000000000002235       0x1d rtos.o
 .rodata._ZNK4rtos5mutex5printERN5hwlib7ostreamEb.str1.1
                0x0000000000002252       0x29 rtos.o
 .rodata._ZNK4rtos5timer5printERN5hwlib7ostreamEb.str1.1
                0x000000000000227b       0x13 rtos.o
 .rodata._ZNK4rtos9pool_base5printERN5hwlib7ostreamEb.str1.1
                0x000000000000228e       0x10 rtos.o
 .rodata._ZNK4rtos9task_base5printERN5hwlib7ostreamEb.str1.1
                0x000000000000229e       0x39 rtos.o
 *fill*         0x00000000000022d7        0x1 
 .rodata._ZTVN4rtos5timerE
                0x00000000000022d8       0x24 rtos.o
                0x00000000000022d8                vtable for rtos::timer
 .rodata._ZTVN4rtos9task_baseE
                0x00000000000022fc       0x14 rtos.o
                0x00000000000022fc                vtable for rtos::task_base
 .rodata._ZTVN5hwlib14pin_in_dummy_tE
                0x0000000000002310       0x10 hwlib.o
                0x0000000000002310                vtable for hwlib::pin_in_dummy_t
 .rodata._ZTVN5hwlib14pin_oc_dummy_tE
                0x0000000000002320       0x18 hwlib.o
                0x0000000000002320                vtable for hwlib::pin_oc_dummy_t
 .rodata._ZTVN5hwlib19port_in_from_pins_tE
                0x0000000000002338       0x14 hwlib.o
                0x0000000000002338                vtable for hwlib::port_in_from_pins_t
 .rodata._ZTVN5hwlib19port_oc_from_pins_tE
                0x000000000000234c       0x1c hwlib.o
                0x000000000000234c                vtable for hwlib::port_oc_from_pins_t
 .rodata._ZTVN5hwlib21port_direct_from_in_tE
                0x0000000000002368       0x14 hwlib.o
                0x0000000000002368                vtable for hwlib::port_direct_from_in_t
 .rodata._ZTVN5hwlib21port_direct_from_oc_tE
                0x000000000000237c       0x1c hwlib.o
                0x000000000000237c                vtable for hwlib::port_direct_from_oc_t
 .rodata._ZTVN5hwlib20cout_using_uart_putcE
                0x0000000000002398       0x10 hwlib.o
                0x0000000000002398                vtable for hwlib::cout_using_uart_putc
 .rodata._ZTVN3due6pin_inE
                0x00000000000023a8       0x10 main.o
                0x00000000000023a8                vtable for due::pin_in
 .rodata._ZTVN3due6pin_ocE
                0x00000000000023b8       0x18 main.o
                0x00000000000023b8                vtable for due::pin_oc
 .rodata._ZTVN4rtos4taskILi4096EEE
                0x00000000000023d0       0x14 main.o
                0x00000000000023d0                vtable for rtos::task<4096>
 .rodata._ZTVN4rtos7channelIcLi13EEE
                0x00000000000023e4        0xc main.o
                0x00000000000023e4                vtable for rtos::channel<char, 13>
 .rodata._ZTVN3NEC9init_gameE
                0x00000000000023f0       0x24 main.o
                0x00000000000023f0                vtable for NEC::init_game
 .rodata._ZTVN3NEC6ZRX543E
                0x0000000000002414       0x14 main.o
                0x0000000000002414                vtable for NEC::ZRX543
 .rodata._ZTVN5hwlib6keypadILi16EEE
                0x0000000000002428       0x14 main.o
                0x0000000000002428                vtable for hwlib::keypad<16>
 .rodata._ZN3NEC9init_game4mainEv.str1.1
                0x000000000000243c       0x31 main.o
 .rodata._ZN4rtos7channelIcLi13EE4readEv.str1.1
                0x000000000000246d       0x20 main.o
 .rodata._ZN4rtos9task_baseD2Ev.str1.1
                0x000000000000248d       0x17 main.o
                                         0x2b (size before relaxing)
 .rodata.main.str1.1
                0x00000000000024a4       0x2d main.o
                0x00000000000024d4                . = ALIGN (0x4)
 *fill*         0x00000000000024d1        0x3 
 *(.ARM.extab* .gnu.linkonce.armextab.*)
                0x00000000000024d4                . = ALIGN (0x4)
 *(.gcc_except_table)
                0x00000000000024d4                . = ALIGN (0x4)
 *(.eh_frame_hdr)
                0x00000000000024d4                . = ALIGN (0x4)
 *(.eh_frame)
                0x00000000000024d4                . = ALIGN (0x4)
                0x00000000000024d4                __text_end = .
                [!provide]                        PROVIDE (__text_end = __text_end)

.vfp11_veneer   0x00000000000024d4        0x0
 .vfp11_veneer  0x00000000000024d4        0x0 linker stubs

.v4_bx          0x00000000000024d4        0x0
 .v4_bx         0x00000000000024d4        0x0 linker stubs

.iplt           0x00000000000024d4        0x0
 .iplt          0x00000000000024d4        0x0 coroutine.o

.IF_YOU_SEE_THIS_YOU_HAVE_ONE_OR_MORE_GLOBAL_OBJECT_CONSTRUCTORS
 *(.init)
 *(.preinit_array)
 *(SORT_BY_NAME(.init_array.*))
 *(.init_array)
                0x00000000000024d4                . = ALIGN (0x4)
                0x00000000000024d4                __exidx_start = .
                [!provide]                        PROVIDE (__exidx_start = __exidx_start)

.ARM.exidx      0x00000000000024d4        0x8
 *(.ARM.exidx* .gnu.linkonce.armexidx.*)
 .ARM.exidx     0x00000000000024d4        0x8 /usr/bin/../lib/gcc/arm-none-eabi/7.3.1/thumb/v7-m/libgcc.a(_udivmoddi4.o)

.rel.dyn        0x00000000000024dc        0x0
 .rel.iplt      0x00000000000024dc        0x0 coroutine.o
                0x00000000000024dc                . = ALIGN (0x4)
                0x00000000000024dc                __exidx_end = .
                [!provide]                        PROVIDE (__exidx_end = __exidx_end)

.bss            0x0000000020000000    0x1405c
                0x0000000020000000                . = ALIGN (0x4)
                0x0000000020000000                __stack_start = .
                [!provide]                        PROVIDE (__stack_start = __stack_start)
                0x0000000020000000                . = ALIGN (0x4)
 *(.bmptk_stack)
 .bmptk_stack   0x0000000020000000    0x14000 bmptk_fixed_size_stack.o
                0x0000000020000000                bmptk_stack
                0x0000000020014000                . = ALIGN (0x8)
                0x0000000020014000                __main_stack_end = .
                [!provide]                        PROVIDE (__main_stack_end = __main_stack_end)
                0x0000000020014000                . = ALIGN (0x4)
                0x0000000020014000                __stack_end = .
                [!provide]                        PROVIDE (__stack_end = __stack_end)
                0x0000000020014000                . = ALIGN (0x4)
                0x0000000020014000                __bss_start = .
                [!provide]                        PROVIDE (__bss_start = __bss_start)
                0x0000000020014000                . = ALIGN (0x4)
 *(.bss .bss.* .gnu.linkonce.b.*)
 .bss._ZN17coroutine_context7main_spE
                0x0000000020014000        0x4 coroutine.o
                0x0000000020014000                coroutine_context::main_sp
 *fill*         0x0000000020014004        0x4 
 .bss._ZZN3due9now_ticksEvE4high
                0x0000000020014008        0x8 coroutine.o
 .bss._ZZN3due9now_ticksEvE8last_low
                0x0000000020014010        0x4 coroutine.o
 .bss._ZZN3due9now_ticksEvE9init_done
                0x0000000020014014        0x1 coroutine.o
 .bss._ZN4rtos10must_clearE
                0x0000000020014015        0x1 rtos.o
                0x0000000020014015                rtos::must_clear
 *fill*         0x0000000020014016        0x2 
 .bss._ZN4rtos17rtos_current_taskE
                0x0000000020014018        0x4 rtos.o
                0x0000000020014018                rtos::rtos_current_task
 .bss._ZN4rtos17scheduler_runningE
                0x000000002001401c        0x1 rtos.o
                0x000000002001401c                rtos::scheduler_running
 *fill*         0x000000002001401d        0x3 
 .bss._ZN4rtos5flagsE
                0x0000000020014020        0x4 rtos.o
                0x0000000020014020                rtos::flags
 .bss._ZN4rtos5poolsE
                0x0000000020014024        0x4 rtos.o
                0x0000000020014024                rtos::pools
 .bss._ZN4rtos6clocksE
                0x0000000020014028        0x4 rtos.o
                0x0000000020014028                rtos::clocks
 .bss._ZN4rtos6timersE
                0x000000002001402c        0x4 rtos.o
                0x000000002001402c                rtos::timers
 .bss._ZN4rtos7mutexesE
                0x0000000020014030        0x4 rtos.o
                0x0000000020014030                rtos::mutexes
 .bss._ZN4rtos8channelsE
                0x0000000020014034        0x4 rtos.o
                0x0000000020014034                rtos::channels
 .bss._ZN4rtos8taskListE
                0x0000000020014038        0x4 rtos.o
                0x0000000020014038                rtos::taskList
 .bss._ZN4rtos9mailboxesE
                0x000000002001403c        0x4 rtos.o
                0x000000002001403c                rtos::mailboxes
 .bss._ZN4rtos9timerListE
                0x0000000020014040        0x4 rtos.o
                0x0000000020014040                rtos::timerList
 *fill*         0x0000000020014044        0x4 
 .bss.last_run_time
                0x0000000020014048        0x8 rtos.o
                0x0000000020014048                last_run_time
 .bss._ZN5hwlib10background5firstE
                0x0000000020014050        0x4 hwlib.o
                0x0000000020014050                hwlib::background::first
 .bss._ZN5hwlib10background7currentE
                0x0000000020014054        0x4 hwlib.o
                0x0000000020014054                hwlib::background::current
 .bss._ZN5hwlib10background7runningE
                0x0000000020014058        0x1 hwlib.o
                0x0000000020014058                hwlib::background::running
 .bss._ZZN3due9uart_initEvE9init_done
                0x0000000020014059        0x1 hwlib.o
                0x000000002001405c                . = ALIGN (0x4)
 *fill*         0x000000002001405a        0x2 
 *(COMMON)
                0x000000002001405c                . = ALIGN (0x4)
                0x000000002001405c                __bss_end = .
                [!provide]                        PROVIDE (__bss_end = __bss_end)

.data           0x000000002001405c       0x30 load address 0x00000000000024dc
                0x000000002001405c                . = ALIGN (0x4)
                0x00000000000024dc                __data_init_start = LOADADDR (.data)
                [!provide]                        PROVIDE (__data_init_start = __data_init_start)
                0x000000002001405c                __data_start = .
                [!provide]                        PROVIDE (__data_start = __data_start)
                0x000000002001405c                . = ALIGN (0x4)
 *(.data .data.* .gnu.linkonce.d.*)
 .data._ZN17coroutine_context24current_coroutine_sp_ptrE
                0x000000002001405c        0x4 coroutine.o
                0x000000002001405c                coroutine_context::current_coroutine_sp_ptr
 .data._ZN6sam3xa15SystemCoreClockE
                0x0000000020014060        0x4 coroutine.o
                0x0000000020014060                sam3xa::SystemCoreClock
 .data._ZN3due7hw_uartE
                0x0000000020014064        0x4 hwlib.o
                0x0000000020014064                due::hw_uart
 .data._ZN5hwlib12pin_in_dummyE
                0x0000000020014068        0x4 hwlib.o
                0x0000000020014068                hwlib::pin_in_dummy
 .data._ZN5hwlib12pin_oc_dummyE
                0x000000002001406c        0x4 hwlib.o
                0x000000002001406c                hwlib::pin_oc_dummy
 .data._ZN5hwlib4coutE
                0x0000000020014070       0x14 hwlib.o
                0x0000000020014070                hwlib::cout
 .data._first_free
                0x0000000020014084        0x4 bmptk_heap_bmptk.o
                0x0000000020014084                _first_free
 .data._last_free
                0x0000000020014088        0x4 bmptk_heap_bmptk.o
                0x0000000020014088                _last_free
                0x000000002001408c                . = ALIGN (0x4)
                0x000000002001408c                __data_end = .
                [!provide]                        PROVIDE (__data_end = __data_end)
                0x00000000000024dc                __data_init_end = LOADADDR (.data)
                [!provide]                        PROVIDE (__data_init_end = __data_init_end)
                [!provide]                        PROVIDE (__data_size = (__data_end - __data_start))
                [!provide]                        PROVIDE (__data_init_size = __data_size)
                [!provide]                        PROVIDE (__data_init_end = (__data_init_start + __data_init_size))

.igot.plt       0x000000002001408c        0x0 load address 0x000000000000250c
 .igot.plt      0x000000002001408c        0x0 coroutine.o
                0x000000002001408c                . = ALIGN (0x4)
                0x000000002001408c                __heap_start = .
                [!provide]                        PROVIDE (__heap_start = __heap_start)
                0x000000002001408c                . = ALIGN (0x4)
                0x0000000020018000                __heap_end = __ram_end
                [!provide]                        PROVIDE (__heap_end = __heap_end)

.stab
 *(.stab)

.stabstr
 *(.stabstr)

.debug
 *(.debug)

.line
 *(.line)

.debug_srcinfo
 *(.debug_srcinfo)

.debug_sfnames
 *(.debug_sfnames)

.debug_aranges
 *(.debug_aranges)

.debug_pubnames
 *(.debug_pubnames)

.debug_info
 *(.debug_info .gnu.linkonce.wi.*)

.debug_abbrev
 *(.debug_abbrev)

.debug_line
 *(.debug_line)

.debug_frame    0x0000000000000000       0xa4
 *(.debug_frame)
 .debug_frame   0x0000000000000000       0x44 /usr/bin/../lib/gcc/arm-none-eabi/7.3.1/thumb/v7-m/libgcc.a(_aeabi_ldivmod.o)
 .debug_frame   0x0000000000000044       0x2c /usr/bin/../lib/gcc/arm-none-eabi/7.3.1/thumb/v7-m/libgcc.a(_aeabi_uldivmod.o)
 .debug_frame   0x0000000000000070       0x34 /usr/bin/../lib/gcc/arm-none-eabi/7.3.1/thumb/v7-m/libgcc.a(_udivmoddi4.o)

.comment        0x0000000000000000       0x7f
 .comment       0x0000000000000000       0x7f coroutine.o
                                         0x80 (size before relaxing)
 .comment       0x000000000000007f       0x80 rtos.o
 .comment       0x000000000000007f       0x80 hwlib.o
 .comment       0x000000000000007f       0x80 main.o
 .comment       0x000000000000007f       0x80 bmptk_cortex.o
 .comment       0x000000000000007f       0x80 bmptk_heap_bmptk.o
 .comment       0x000000000000007f       0x80 bmptk_fixed_size_stack.o

.debug_str
 *(.debug_str)

.debug_loc
 *(.debug_loc)

.debug_macinfo
 *(.debug_macinfo)

.debug_weaknames
 *(.debug_weaknames)

.debug_funcnames
 *(.debug_funcnames)

.debug_typenames
 *(.debug_typenames)

.debug_varnames
 *(.debug_varnames)

.note.gnu.arm.ident
 *(.note.gnu.arm.ident)

.ARM.attributes
                0x0000000000000000       0x2f
 *(.ARM.attributes)
 .ARM.attributes
                0x0000000000000000       0x21 switch_to.o
 .ARM.attributes
                0x0000000000000021       0x33 coroutine.o
 .ARM.attributes
                0x0000000000000054       0x33 rtos.o
 .ARM.attributes
                0x0000000000000087       0x33 hwlib.o
 .ARM.attributes
                0x00000000000000ba       0x33 main.o
 .ARM.attributes
                0x00000000000000ed       0x33 bmptk_cortex.o
 .ARM.attributes
                0x0000000000000120       0x33 bmptk_heap_bmptk.o
 .ARM.attributes
                0x0000000000000153       0x33 bmptk_fixed_size_stack.o
 .ARM.attributes
                0x0000000000000186       0x1d /usr/bin/../lib/gcc/arm-none-eabi/7.3.1/thumb/v7-m/libgcc.a(_aeabi_ldivmod.o)
 .ARM.attributes
                0x00000000000001a3       0x1d /usr/bin/../lib/gcc/arm-none-eabi/7.3.1/thumb/v7-m/libgcc.a(_aeabi_uldivmod.o)
 .ARM.attributes
                0x00000000000001c0       0x2d /usr/bin/../lib/gcc/arm-none-eabi/7.3.1/thumb/v7-m/libgcc.a(_udivmoddi4.o)
 .ARM.attributes
                0x00000000000001ed       0x1d /usr/bin/../lib/gcc/arm-none-eabi/7.3.1/thumb/v7-m/libgcc.a(_dvmd_tls.o)

/DISCARD/
 *(.note.GNU-stack)
                [!provide]                        PROVIDE (__text_size = (__text_end - __text_start))
                [!provide]                        PROVIDE (__exidx_size = (__exidx_end - __exidx_start))
                [!provide]                        PROVIDE (__bss_size = (__bss_end - __bss_start))
                [!provide]                        PROVIDE (__stack_size = (__stack_end - __stack_start))
                [!provide]                        PROVIDE (__heap_size = (__heap_end - __heap_start))
OUTPUT(main.elf elf32-littlearm)
